Component: ARM Compiler 5.05 update 2 (build 169) Tool: armlink [4d0f33]

==============================================================================

Section Cross References

    startup_stm32f103xb.o(RESET) refers to startup_stm32f103xb.o(STACK) for __initial_sp
    startup_stm32f103xb.o(RESET) refers to startup_stm32f103xb.o(.text) for Reset_Handler
    startup_stm32f103xb.o(RESET) refers to stm32f1xx_it.o(i.NMI_Handler) for NMI_Handler
    startup_stm32f103xb.o(RESET) refers to stm32f1xx_it.o(i.HardFault_Handler) for HardFault_Handler
    startup_stm32f103xb.o(RESET) refers to stm32f1xx_it.o(i.MemManage_Handler) for MemManage_Handler
    startup_stm32f103xb.o(RESET) refers to stm32f1xx_it.o(i.BusFault_Handler) for BusFault_Handler
    startup_stm32f103xb.o(RESET) refers to stm32f1xx_it.o(i.UsageFault_Handler) for UsageFault_Handler
    startup_stm32f103xb.o(RESET) refers to stm32f1xx_it.o(i.SVC_Handler) for SVC_Handler
    startup_stm32f103xb.o(RESET) refers to stm32f1xx_it.o(i.DebugMon_Handler) for DebugMon_Handler
    startup_stm32f103xb.o(RESET) refers to stm32f1xx_it.o(i.PendSV_Handler) for PendSV_Handler
    startup_stm32f103xb.o(RESET) refers to stm32f1xx_it.o(i.SysTick_Handler) for SysTick_Handler
    startup_stm32f103xb.o(RESET) refers to stm32f1xx_it.o(i.EXTI1_IRQHandler) for EXTI1_IRQHandler
    startup_stm32f103xb.o(RESET) refers to stm32f1xx_it.o(i.USB_LP_CAN1_RX0_IRQHandler) for USB_LP_CAN1_RX0_IRQHandler
    startup_stm32f103xb.o(.text) refers to system_stm32f1xx.o(i.SystemInit) for SystemInit
    startup_stm32f103xb.o(.text) refers to entry.o(.ARM.Collect$$$$00000000) for __main
    stm32f1xx_it.o(i.EXTI1_IRQHandler) refers to stm32f1xx_hal_gpio.o(i.HAL_GPIO_EXTI_IRQHandler) for HAL_GPIO_EXTI_IRQHandler
    stm32f1xx_it.o(i.EXTI1_IRQHandler) refers to mpu6500.o(i.mpu6500_ReadtoUSB) for mpu6500_ReadtoUSB
    stm32f1xx_it.o(i.SysTick_Handler) refers to stm32f1xx_hal.o(i.HAL_IncTick) for HAL_IncTick
    stm32f1xx_it.o(i.SysTick_Handler) refers to stm32f1xx_hal_cortex.o(i.HAL_SYSTICK_IRQHandler) for HAL_SYSTICK_IRQHandler
    stm32f1xx_it.o(i.USB_LP_CAN1_RX0_IRQHandler) refers to stm32f1xx_hal_pcd.o(i.HAL_PCD_IRQHandler) for HAL_PCD_IRQHandler
    stm32f1xx_it.o(i.USB_LP_CAN1_RX0_IRQHandler) refers to usbd_conf.o(.bss) for hpcd_USB_FS
    main.o(i.MX_GPIO_Init) refers to stm32f1xx_hal_gpio.o(i.HAL_GPIO_Init) for HAL_GPIO_Init
    main.o(i.MX_GPIO_Init) refers to stm32f1xx_hal_gpio.o(i.HAL_GPIO_WritePin) for HAL_GPIO_WritePin
    main.o(i.MX_GPIO_Init) refers to stm32f1xx_hal_cortex.o(i.HAL_NVIC_SetPriority) for HAL_NVIC_SetPriority
    main.o(i.MX_GPIO_Init) refers to stm32f1xx_hal_cortex.o(i.HAL_NVIC_EnableIRQ) for HAL_NVIC_EnableIRQ
    main.o(i.MX_SPI1_Init) refers to stm32f1xx_hal_spi_ex.o(i.HAL_SPI_Init) for HAL_SPI_Init
    main.o(i.MX_SPI1_Init) refers to main.o(.bss) for .bss
    main.o(i.MX_TIM1_Init) refers to stm32f1xx_hal_tim.o(i.HAL_TIM_Base_Init) for HAL_TIM_Base_Init
    main.o(i.MX_TIM1_Init) refers to stm32f1xx_hal_tim.o(i.HAL_TIM_ConfigClockSource) for HAL_TIM_ConfigClockSource
    main.o(i.MX_TIM1_Init) refers to stm32f1xx_hal_tim_ex.o(i.HAL_TIMEx_MasterConfigSynchronization) for HAL_TIMEx_MasterConfigSynchronization
    main.o(i.MX_TIM1_Init) refers to main.o(.bss) for .bss
    main.o(i.SystemClock_Config) refers to stm32f1xx_hal_rcc.o(i.HAL_RCC_OscConfig) for HAL_RCC_OscConfig
    main.o(i.SystemClock_Config) refers to stm32f1xx_hal_rcc.o(i.HAL_RCC_ClockConfig) for HAL_RCC_ClockConfig
    main.o(i.SystemClock_Config) refers to stm32f1xx_hal_rcc_ex.o(i.HAL_RCCEx_PeriphCLKConfig) for HAL_RCCEx_PeriphCLKConfig
    main.o(i.SystemClock_Config) refers to stm32f1xx_hal_rcc.o(i.HAL_RCC_GetHCLKFreq) for HAL_RCC_GetHCLKFreq
    main.o(i.SystemClock_Config) refers to stm32f1xx_hal_cortex.o(i.HAL_SYSTICK_Config) for HAL_SYSTICK_Config
    main.o(i.SystemClock_Config) refers to stm32f1xx_hal_cortex.o(i.HAL_SYSTICK_CLKSourceConfig) for HAL_SYSTICK_CLKSourceConfig
    main.o(i.SystemClock_Config) refers to stm32f1xx_hal_cortex.o(i.HAL_NVIC_SetPriority) for HAL_NVIC_SetPriority
    main.o(i.main) refers to stm32f1xx_hal.o(i.HAL_Init) for HAL_Init
    main.o(i.main) refers to main.o(i.SystemClock_Config) for SystemClock_Config
    main.o(i.main) refers to main.o(i.MX_GPIO_Init) for MX_GPIO_Init
    main.o(i.main) refers to main.o(i.MX_SPI1_Init) for MX_SPI1_Init
    main.o(i.main) refers to stm32f1xx_hal_uart.o(i.HAL_UART_Init) for HAL_UART_Init
    main.o(i.main) refers to main.o(i.MX_TIM1_Init) for MX_TIM1_Init
    main.o(i.main) refers to usb_device.o(i.MX_USB_DEVICE_Init) for MX_USB_DEVICE_Init
    main.o(i.main) refers to mpu6500.o(i.mpu6500_init) for mpu6500_init
    main.o(i.main) refers to stm32f1xx_hal.o(i.HAL_Delay) for HAL_Delay
    main.o(i.main) refers to printfb.o(i.__0printf$bare) for __2printf
    main.o(i.main) refers to main.o(.bss) for .bss
[...]
    Removing stm32f1xx_hal_pcd.o(i.HAL_PCD_DisconnectCallback), (2 bytes).
    Removing stm32f1xx_hal_pcd.o(i.HAL_PCD_EP_Flush), (52 bytes).
    Removing stm32f1xx_hal_pcd.o(i.HAL_PCD_GetState), (6 bytes).
    Removing stm32f1xx_hal_pcd.o(i.HAL_PCD_ISOINIncompleteCallback), (2 bytes).
    Removing stm32f1xx_hal_pcd.o(i.HAL_PCD_ISOOUTIncompleteCallback), (2 bytes).
    Removing stm32f1xx_hal_pcd.o(i.HAL_PCD_MspDeInit), (2 bytes).
    Removing stm32f1xx_hal_pcd.o(i.HAL_PCD_MspInit), (2 bytes).
    Removing stm32f1xx_hal_pcd.o(i.HAL_PCD_ResetCallback), (2 bytes).
    Removing stm32f1xx_hal_pcd.o(i.HAL_PCD_ResumeCallback), (2 bytes).
    Removing stm32f1xx_hal_pcd.o(i.HAL_PCD_SOFCallback), (2 bytes).
    Removing stm32f1xx_hal_pcd.o(i.HAL_PCD_SetupStageCallback), (2 bytes).
    Removing stm32f1xx_hal_pcd.o(i.HAL_PCD_Stop), (48 bytes).
    Removing stm32f1xx_hal_pcd.o(i.HAL_PCD_SuspendCallback), (2 bytes).
    Removing stm32f1xx_hal_pcd_ex.o(.rev16_text), (4 bytes).
    Removing stm32f1xx_hal_pcd_ex.o(.revsh_text), (4 bytes).
    Removing stm32f1xx_hal_pcd_ex.o(.rrx_text), (6 bytes).
    Removing stm32f1xx_hal_pcd_ex.o(i.HAL_PCDEx_SetConnectionState), (2 bytes).
    Removing system_stm32f1xx.o(.rev16_text), (4 bytes).
    Removing system_stm32f1xx.o(.revsh_text), (4 bytes).
    Removing system_stm32f1xx.o(.rrx_text), (6 bytes).
    Removing system_stm32f1xx.o(i.SystemCoreClockUpdate), (104 bytes).
    Removing usbd_core.o(.rev16_text), (4 bytes).
    Removing usbd_core.o(.revsh_text), (4 bytes).
    Removing usbd_core.o(.rrx_text), (6 bytes).
    Removing usbd_core.o(i.USBD_DeInit), (38 bytes).
    Removing usbd_core.o(i.USBD_LL_DevConnected), (4 bytes).
    Removing usbd_core.o(i.USBD_LL_DevDisconnected), (22 bytes).
    Removing usbd_core.o(i.USBD_LL_IsoINIncomplete), (4 bytes).
    Removing usbd_core.o(i.USBD_LL_IsoOUTIncomplete), (4 bytes).
    Removing usbd_core.o(i.USBD_RunTestMode), (4 bytes).
    Removing usbd_core.o(i.USBD_Stop), (26 bytes).
    Removing usbd_ioreq.o(.rev16_text), (4 bytes).
    Removing usbd_ioreq.o(.revsh_text), (4 bytes).
    Removing usbd_ioreq.o(.rrx_text), (6 bytes).
    Removing usbd_ioreq.o(i.USBD_GetRxCount), (10 bytes).
    Removing usbd_ctlreq.o(.rev16_text), (4 bytes).
    Removing usbd_ctlreq.o(.revsh_text), (4 bytes).
    Removing usbd_ctlreq.o(.rrx_text), (6 bytes).
    Removing usbd_cdc.o(.rev16_text), (4 bytes).
    Removing usbd_cdc.o(.revsh_text), (4 bytes).
    Removing usbd_cdc.o(.rrx_text), (6 bytes).
    Removing dadd.o(.text), (334 bytes).
    Removing dmul.o(.text), (228 bytes).
    Removing ddiv.o(.text), (222 bytes).
    Removing dfixul.o(.text), (48 bytes).
    Removing cdrcmple.o(.text), (48 bytes).
    Removing depilogue.o(.text), (186 bytes).

465 unused section(s) (total 25086 bytes) removed from the image.

==============================================================================

Image Symbol Table

    Local Symbols

    Symbol Name                              Value     Ov Type        Size  Object(Section)

    ../Drivers/CMSIS//Device/ST/STM32F1xx/Source/Templates/system_stm32f1xx.c 0x00000000   Number         0  system_stm32f1xx.o ABSOLUTE
    ../Drivers/STM32F1xx_HAL_Driver/Src/stm32f1xx_hal.c 0x00000000   Number         0  stm32f1xx_hal.o ABSOLUTE
    ../Drivers/STM32F1xx_HAL_Driver/Src/stm32f1xx_hal_cortex.c 0x00000000   Number         0  stm32f1xx_hal_cortex.o ABSOLUTE
    ../Drivers/STM32F1xx_HAL_Driver/Src/stm32f1xx_hal_dma.c 0x00000000   Number         0  stm32f1xx_hal_dma.o ABSOLUTE
    ../Drivers/STM32F1xx_HAL_Driver/Src/stm32f1xx_hal_flash.c 0x00000000   Number         0  stm32f1xx_hal_flash.o ABSOLUTE
    ../Drivers/STM32F1xx_HAL_Driver/Src/stm32f1xx_hal_flash_ex.c 0x00000000   Number         0  stm32f1xx_hal_flash_ex.o ABSOLUTE
    ../Drivers/STM32F1xx_HAL_Driver/Src/stm32f1xx_hal_gpio.c 0x00000000   Number         0  stm32f1xx_hal_gpio.o ABSOLUTE
    ../Drivers/STM32F1xx_HAL_Driver/Src/stm32f1xx_hal_gpio_ex.c 0x00000000   Number         0  stm32f1xx_hal_gpio_ex.o ABSOLUTE
    ../Drivers/STM32F1xx_HAL_Driver/Src/stm32f1xx_hal_pcd.c 0x00000000   Number         0  stm32f1xx_hal_pcd.o ABSOLUTE
    ../Drivers/STM32F1xx_HAL_Driver/Src/stm32f1xx_hal_pcd_ex.c 0x00000000   Number         0  stm32f1xx_hal_pcd_ex.o ABSOLUTE
    ../Drivers/STM32F1xx_HAL_Driver/Src/stm32f1xx_hal_pwr.c 0x00000000   Number         0  stm32f1xx_hal_pwr.o ABSOLUTE
    ../Drivers/STM32F1xx_HAL_Driver/Src/stm32f1xx_hal_rcc.c 0x00000000   Number         0  stm32f1xx_hal_rcc.o ABSOLUTE
    ../Drivers/STM32F1xx_HAL_Driver/Src/stm32f1xx_hal_rcc_ex.c 0x00000000   Number         0  stm32f1xx_hal_rcc_ex.o ABSOLUTE
    ../Drivers/STM32F1xx_HAL_Driver/Src/stm32f1xx_hal_spi.c 0x00000000   Number         0  stm32f1xx_hal_spi.o ABSOLUTE
    ../Drivers/STM32F1xx_HAL_Driver/Src/stm32f1xx_hal_spi_ex.c 0x00000000   Number         0  stm32f1xx_hal_spi_ex.o ABSOLUTE
    ../Drivers/STM32F1xx_HAL_Driver/Src/stm32f1xx_hal_tim.c 0x00000000   Number         0  stm32f1xx_hal_tim.o ABSOLUTE
    ../Drivers/STM32F1xx_HAL_Driver/Src/stm32f1xx_hal_tim_ex.c 0x00000000   Number         0  stm32f1xx_hal_tim_ex.o ABSOLUTE
    ../Drivers/STM32F1xx_HAL_Driver/Src/stm32f1xx_hal_uart.c 0x00000000   Number         0  stm32f1xx_hal_uart.o ABSOLUTE
    ../Drivers/STM32F1xx_HAL_Driver/Src/stm32f1xx_ll_usb.c 0x00000000   Number         0  stm32f1xx_ll_usb.o ABSOLUTE
    ../Middlewares/ST/STM32_USB_Device_Library/Class/CDC/Src/usbd_cdc.c 0x00000000   Number         0  usbd_cdc.o ABSOLUTE
    ../Middlewares/ST/STM32_USB_Device_Library/Core/Src/usbd_core.c 0x00000000   Number         0  usbd_core.o ABSOLUTE
    ../Middlewares/ST/STM32_USB_Device_Library/Core/Src/usbd_ctlreq.c 0x00000000   Number         0  usbd_ctlreq.o ABSOLUTE
    ../Middlewares/ST/STM32_USB_Device_Library/Core/Src/usbd_ioreq.c 0x00000000   Number         0  usbd_ioreq.o ABSOLUTE
    ../Src/main.c                            0x00000000   Number         0  main.o ABSOLUTE
    ../Src/stm32f1xx_hal_msp.c               0x00000000   Number         0  stm32f1xx_hal_msp.o ABSOLUTE
    ../Src/stm32f1xx_it.c                    0x00000000   Number         0  stm32f1xx_it.o ABSOLUTE
    ../Src/usb_device.c                      0x00000000   Number         0  usb_device.o ABSOLUTE
    ../Src/usbd_cdc_if.c                     0x00000000   Number         0  usbd_cdc_if.o ABSOLUTE
    ../Src/usbd_conf.c                       0x00000000   Number         0  usbd_conf.o ABSOLUTE
    ../Src/usbd_desc.c                       0x00000000   Number         0  usbd_desc.o ABSOLUTE
    ../clib/../cmprslib/zerorunl2.c          0x00000000   Number         0  __dczerorl2.o ABSOLUTE
    ../clib/microlib/division.c              0x00000000   Number         0  uidiv.o ABSOLUTE
    ../clib/microlib/division.c              0x00000000   Number         0  uldiv.o ABSOLUTE
    ../clib/microlib/init/entry.s            0x00000000   Number         0  entry9a.o ABSOLUTE
    ../clib/microlib/init/entry.s            0x00000000   Number         0  entry9b.o ABSOLUTE
    ../clib/microlib/init/entry.s            0x00000000   Number         0  entry11a.o ABSOLUTE
    ../clib/microlib/init/entry.s            0x00000000   Number         0  entry7b.o ABSOLUTE
    ../clib/microlib/init/entry.s            0x00000000   Number         0  entry8b.o ABSOLUTE
    ../clib/microlib/init/entry.s            0x00000000   Number         0  entry10a.o ABSOLUTE
    ../clib/microlib/init/entry.s            0x00000000   Number         0  entry.o ABSOLUTE
    ../clib/microlib/init/entry.s            0x00000000   Number         0  entry7a.o ABSOLUTE
    ../clib/microlib/init/entry.s            0x00000000   Number         0  entry5.o ABSOLUTE
    ../clib/microlib/init/entry.s            0x00000000   Number         0  entry2.o ABSOLUTE
    ../clib/microlib/init/entry.s            0x00000000   Number         0  entry10b.o ABSOLUTE
    ../clib/microlib/init/entry.s            0x00000000   Number         0  entry8a.o ABSOLUTE
    ../clib/microlib/init/entry.s            0x00000000   Number         0  entry11b.o ABSOLUTE
    ../clib/microlib/longlong.c              0x00000000   Number         0  llushr.o ABSOLUTE
    ../clib/microlib/longlong.c              0x00000000   Number         0  llsshr.o ABSOLUTE
    ../clib/microlib/longlong.c              0x00000000   Number         0  llshl.o ABSOLUTE
    ../clib/microlib/printf/printf.c         0x00000000   Number         0  printf5.o ABSOLUTE
    ../clib/microlib/printf/printf.c         0x00000000   Number         0  printf6.o ABSOLUTE
    ../clib/microlib/printf/printf.c         0x00000000   Number         0  printf3.o ABSOLUTE
    ../clib/microlib/printf/printf.c         0x00000000   Number         0  printf2.o ABSOLUTE
    ../clib/microlib/printf/printf.c         0x00000000   Number         0  printf1.o ABSOLUTE
    ../clib/microlib/printf/printf.c         0x00000000   Number         0  printf0.o ABSOLUTE
    ../clib/microlib/printf/printf.c         0x00000000   Number         0  printfb.o ABSOLUTE
    ../clib/microlib/printf/printf.c         0x00000000   Number         0  printf7.o ABSOLUTE
    ../clib/microlib/printf/printf.c         0x00000000   Number         0  printfa.o ABSOLUTE
    ../clib/microlib/printf/printf.c         0x00000000   Number         0  printf4.o ABSOLUTE
    ../clib/microlib/printf/printf.c         0x00000000   Number         0  printf8.o ABSOLUTE
    ../clib/microlib/stdio/streams.c         0x00000000   Number         0  stdout.o ABSOLUTE
    ../clib/microlib/string/memcpy.c         0x00000000   Number         0  memcpyb.o ABSOLUTE
    ../clib/microlib/string/memcpy.c         0x00000000   Number         0  memcpya.o ABSOLUTE
    ../clib/microlib/stubs.s                 0x00000000   Number         0  iusefp.o ABSOLUTE
    ../fplib/microlib/fpadd.c                0x00000000   Number         0  dadd.o ABSOLUTE
    ../fplib/microlib/fpdiv.c                0x00000000   Number         0  ddiv.o ABSOLUTE
    ../fplib/microlib/fpepilogue.c           0x00000000   Number         0  depilogue.o ABSOLUTE
    ../fplib/microlib/fpfix.c                0x00000000   Number         0  dfixul.o ABSOLUTE
    ../fplib/microlib/fpmul.c                0x00000000   Number         0  dmul.o ABSOLUTE
    ..\Drivers\CMSIS\\Device\ST\STM32F1xx\Source\Templates\system_stm32f1xx.c 0x00000000   Number         0  system_stm32f1xx.o ABSOLUTE
    ..\Drivers\STM32F1xx_HAL_Driver\Src\stm32f1xx_hal.c 0x00000000   Number         0  stm32f1xx_hal.o ABSOLUTE
    ..\Drivers\STM32F1xx_HAL_Driver\Src\stm32f1xx_hal_cortex.c 0x00000000   Number         0  stm32f1xx_hal_cortex.o ABSOLUTE
    ..\Drivers\STM32F1xx_HAL_Driver\Src\stm32f1xx_hal_dma.c 0x00000000   Number         0  stm32f1xx_hal_dma.o ABSOLUTE
    ..\Drivers\STM32F1xx_HAL_Driver\Src\stm32f1xx_hal_flash.c 0x00000000   Number         0  stm32f1xx_hal_flash.o ABSOLUTE
    ..\Drivers\STM32F1xx_HAL_Driver\Src\stm32f1xx_hal_flash_ex.c 0x00000000   Number         0  stm32f1xx_hal_flash_ex.o ABSOLUTE
    ..\Drivers\STM32F1xx_HAL_Driver\Src\stm32f1xx_hal_gpio.c 0x00000000   Number         0  stm32f1xx_hal_gpio.o ABSOLUTE
    ..\Drivers\STM32F1xx_HAL_Driver\Src\stm32f1xx_hal_gpio_ex.c 0x00000000   Number         0  stm32f1xx_hal_gpio_ex.o ABSOLUTE
    ..\Drivers\STM32F1xx_HAL_Driver\Src\stm32f1xx_hal_pcd.c 0x00000000   Number         0  stm32f1xx_hal_pcd.o ABSOLUTE
    ..\Drivers\STM32F1xx_HAL_Driver\Src\stm32f1xx_hal_pcd_ex.c 0x00000000   Number         0  stm32f1xx_hal_pcd_ex.o ABSOLUTE
    ..\Drivers\STM32F1xx_HAL_Driver\Src\stm32f1xx_hal_pwr.c 0x00000000   Number         0  stm32f1xx_hal_pwr.o ABSOLUTE
    ..\Drivers\STM32F1xx_HAL_Driver\Src\stm32f1xx_hal_rcc.c 0x00000000   Number         0  stm32f1xx_hal_rcc.o ABSOLUTE
    ..\Drivers\STM32F1xx_HAL_Driver\Src\stm32f1xx_hal_rcc_ex.c 0x00000000   Number         0  stm32f1xx_hal_rcc_ex.o ABSOLUTE
    ..\Drivers\STM32F1xx_HAL_Driver\Src\stm32f1xx_hal_spi.c 0x00000000   Number         0  stm32f1xx_hal_spi.o ABSOLUTE
    ..\Drivers\STM32F1xx_HAL_Driver\Src\stm32f1xx_hal_spi_ex.c 0x00000000   Number         0  stm32f1xx_hal_spi_ex.o ABSOLUTE
    ..\Drivers\STM32F1xx_HAL_Driver\Src\stm32f1xx_hal_tim.c 0x00000000   Number         0  stm32f1xx_hal_tim.o ABSOLUTE
    ..\Drivers\STM32F1xx_HAL_Driver\Src\stm32f1xx_hal_tim_ex.c 0x00000000   Number         0  stm32f1xx_hal_tim_ex.o ABSOLUTE
    ..\Drivers\STM32F1xx_HAL_Driver\Src\stm32f1xx_hal_uart.c 0x00000000   Number         0  stm32f1xx_hal_uart.o ABSOLUTE
    ..\Drivers\STM32F1xx_HAL_Driver\Src\stm32f1xx_ll_usb.c 0x00000000   Number         0  stm32f1xx_ll_usb.o ABSOLUTE
    ..\Middlewares\ST\STM32_USB_Device_Library\Class\CDC\Src\usbd_cdc.c 0x00000000   Number         0  usbd_cdc.o ABSOLUTE
    ..\Middlewares\ST\STM32_USB_Device_Library\Core\Src\usbd_core.c 0x00000000   Number         0  usbd_core.o ABSOLUTE
    ..\Middlewares\ST\STM32_USB_Device_Library\Core\Src\usbd_ctlreq.c 0x00000000   Number         0  usbd_ctlreq.o ABSOLUTE
    ..\Middlewares\ST\STM32_USB_Device_Library\Core\Src\usbd_ioreq.c 0x00000000   Number         0  usbd_ioreq.o ABSOLUTE
    ..\Src\main.c                            0x00000000   Number         0  main.o ABSOLUTE
    ..\Src\mpu6500.c                         0x00000000   Number         0  mpu6500.o ABSOLUTE
    ..\Src\stm32f1xx_hal_msp.c               0x00000000   Number         0  stm32f1xx_hal_msp.o ABSOLUTE
    ..\Src\stm32f1xx_it.c                    0x00000000   Number         0  stm32f1xx_it.o ABSOLUTE
    ..\Src\sys.c                             0x00000000   Number         0  sys.o ABSOLUTE
    ..\Src\usb_device.c                      0x00000000   Number         0  usb_device.o ABSOLUTE
    ..\Src\usbd_cdc_if.c                     0x00000000   Number         0  usbd_cdc_if.o ABSOLUTE
    ..\Src\usbd_conf.c                       0x00000000   Number         0  usbd_conf.o ABSOLUTE
    ..\Src\usbd_desc.c                       0x00000000   Number         0  usbd_desc.o ABSOLUTE
    ..\\Src\\mpu6500.c                       0x00000000   Number         0  mpu6500.o ABSOLUTE
    ..\\Src\\sys.c                           0x00000000   Number         0  sys.o ABSOLUTE
    cdrcmple.s                               0x00000000   Number         0  cdrcmple.o ABSOLUTE
    dc.s                                     0x00000000   Number         0  dc.o ABSOLUTE
    handlers.s                               0x00000000   Number         0  handlers.o ABSOLUTE
    init.s                                   0x00000000   Number         0  init.o ABSOLUTE
    startup_stm32f103xb.s                    0x00000000   Number         0  startup_stm32f103xb.o ABSOLUTE
    RESET                                    0x08000000   Section      236  startup_stm32f103xb.o(RESET)
    .ARM.Collect$$$$00000000                 0x080000ec   Section        0  entry.o(.ARM.Collect$$$$00000000)
    .ARM.Collect$$$$00000001                 0x080000ec   Section        4  entry2.o(.ARM.Collect$$$$00000001)
    .ARM.Collect$$$$00000004                 0x080000f0   Section        4  entry5.o(.ARM.Collect$$$$00000004)
    .ARM.Collect$$$$00000008                 0x080000f4   Section        0  entry7b.o(.ARM.Collect$$$$00000008)
    .ARM.Collect$$$$0000000A                 0x080000f4   Section        0  entry8b.o(.ARM.Collect$$$$0000000A)
    .ARM.Collect$$$$0000000B                 0x080000f4   Section        8  entry9a.o(.ARM.Collect$$$$0000000B)
    .ARM.Collect$$$$0000000D                 0x080000fc   Section        0  entry10a.o(.ARM.Collect$$$$0000000D)
    .ARM.Collect$$$$0000000F                 0x080000fc   Section        0  entry11a.o(.ARM.Collect$$$$0000000F)
    .ARM.Collect$$$$00002712                 0x080000fc   Section        4  entry2.o(.ARM.Collect$$$$00002712)
    __lit__00000000                          0x080000fc   Data           4  entry2.o(.ARM.Collect$$$$00002712)
    .text                                    0x08000100   Section       36  startup_stm32f103xb.o(.text)
    .text                                    0x08000124   Section        0  memcpya.o(.text)
    .text                                    0x08000148   Section       36  init.o(.text)
    .text                                    0x0800016c   Section        0  __dczerorl2.o(.text)
    i.BusFault_Handler                       0x080001c2   Section        0  stm32f1xx_it.o(i.BusFault_Handler)
    i.CDC_Control_FS                         0x080001c4   Section        0  usbd_cdc_if.o(i.CDC_Control_FS)
    CDC_Control_FS                           0x080001c5   Thumb Code     4  usbd_cdc_if.o(i.CDC_Control_FS)
    i.CDC_DeInit_FS                          0x080001c8   Section        0  usbd_cdc_if.o(i.CDC_DeInit_FS)
    CDC_DeInit_FS                            0x080001c9   Thumb Code     4  usbd_cdc_if.o(i.CDC_DeInit_FS)
    i.CDC_Init_FS                            0x080001cc   Section        0  usbd_cdc_if.o(i.CDC_Init_FS)
    CDC_Init_FS                              0x080001cd   Thumb Code    26  usbd_cdc_if.o(i.CDC_Init_FS)
    i.CDC_Receive_FS                         0x080001f0   Section        0  usbd_cdc_if.o(i.CDC_Receive_FS)
    CDC_Receive_FS                           0x080001f1   Thumb Code    38  usbd_cdc_if.o(i.CDC_Receive_FS)
    i.CDC_Transmit_FS                        0x08000220   Section        0  usbd_cdc_if.o(i.CDC_Transmit_FS)
    i.DebugMon_Handler                       0x0800024c   Section        0  stm32f1xx_it.o(i.DebugMon_Handler)
    i.EXTI1_IRQHandler                       0x0800024e   Section        0  stm32f1xx_it.o(i.EXTI1_IRQHandler)
    i.Error_Handler                          0x0800025e   Section        0  main.o(i.Error_Handler)
    i.HAL_Delay                              0x08000260   Section        0  stm32f1xx_hal.o(i.HAL_Delay)
    i.HAL_GPIO_EXTI_Callback                 0x08000276   Section        0  stm32f1xx_hal_gpio.o(i.HAL_GPIO_EXTI_Callback)
    i.HAL_GPIO_EXTI_IRQHandler               0x08000278   Section        0  stm32f1xx_hal_gpio.o(i.HAL_GPIO_EXTI_IRQHandler)
    i.HAL_GPIO_Init                          0x08000290   Section        0  stm32f1xx_hal_gpio.o(i.HAL_GPIO_Init)
    i.HAL_GPIO_WritePin                      0x0800044c   Section        0  stm32f1xx_hal_gpio.o(i.HAL_GPIO_WritePin)
    i.HAL_GetTick                            0x08000458   Section        0  stm32f1xx_hal.o(i.HAL_GetTick)
    i.HAL_IncTick                            0x08000464   Section        0  stm32f1xx_hal.o(i.HAL_IncTick)
    i.HAL_Init                               0x08000474   Section        0  stm32f1xx_hal.o(i.HAL_Init)
    i.HAL_InitTick                           0x08000498   Section        0  stm32f1xx_hal.o(i.HAL_InitTick)
    i.HAL_MspInit                            0x080004bc   Section        0  stm32f1xx_hal_msp.o(i.HAL_MspInit)
    i.HAL_NVIC_EnableIRQ                     0x0800053c   Section        0  stm32f1xx_hal_cortex.o(i.HAL_NVIC_EnableIRQ)
    i.HAL_NVIC_SetPriority                   0x08000554   Section        0  stm32f1xx_hal_cortex.o(i.HAL_NVIC_SetPriority)
    i.HAL_NVIC_SetPriorityGrouping           0x08000594   Section        0  stm32f1xx_hal_cortex.o(i.HAL_NVIC_SetPriorityGrouping)
    i.HAL_PCDEx_PMAConfig                    0x080005b8   Section        0  stm32f1xx_hal_pcd_ex.o(i.HAL_PCDEx_PMAConfig)
    i.HAL_PCDEx_SetConnectionState           0x080005ec   Section        0  usbd_conf.o(i.HAL_PCDEx_SetConnectionState)
    i.HAL_PCD_DataInStageCallback            0x080005ee   Section        0  usbd_conf.o(i.HAL_PCD_DataInStageCallback)
    i.HAL_PCD_DataOutStageCallback           0x080005fc   Section        0  usbd_conf.o(i.HAL_PCD_DataOutStageCallback)
    i.HAL_PCD_EP_Close                       0x0800060c   Section        0  stm32f1xx_hal_pcd.o(i.HAL_PCD_EP_Close)
    i.HAL_PCD_EP_ClrStall                    0x0800064c   Section        0  stm32f1xx_hal_pcd.o(i.HAL_PCD_EP_ClrStall)
    i.HAL_PCD_EP_GetRxCount                  0x08000694   Section        0  stm32f1xx_hal_pcd.o(i.HAL_PCD_EP_GetRxCount)
    i.HAL_PCD_EP_Open                        0x080006a4   Section        0  stm32f1xx_hal_pcd.o(i.HAL_PCD_EP_Open)
    i.HAL_PCD_EP_Receive                     0x080006e8   Section        0  stm32f1xx_hal_pcd.o(i.HAL_PCD_EP_Receive)
    i.HAL_PCD_EP_SetStall                    0x08000728   Section        0  stm32f1xx_hal_pcd.o(i.HAL_PCD_EP_SetStall)
    i.HAL_PCD_EP_Transmit                    0x0800077e   Section        0  stm32f1xx_hal_pcd.o(i.HAL_PCD_EP_Transmit)
    i.HAL_PCD_IRQHandler                     0x080007bc   Section        0  stm32f1xx_hal_pcd.o(i.HAL_PCD_IRQHandler)
    i.HAL_PCD_Init                           0x080008c8   Section        0  stm32f1xx_hal_pcd.o(i.HAL_PCD_Init)
    i.HAL_PCD_MspInit                        0x08000988   Section        0  usbd_conf.o(i.HAL_PCD_MspInit)
    i.HAL_PCD_ResetCallback                  0x080009c4   Section        0  usbd_conf.o(i.HAL_PCD_ResetCallback)
    i.HAL_PCD_ResumeCallback                 0x080009de   Section        0  usbd_conf.o(i.HAL_PCD_ResumeCallback)
    i.HAL_PCD_SOFCallback                    0x080009e6   Section        0  usbd_conf.o(i.HAL_PCD_SOFCallback)
    i.HAL_PCD_SetAddress                     0x080009ee   Section        0  stm32f1xx_hal_pcd.o(i.HAL_PCD_SetAddress)
    i.HAL_PCD_SetupStageCallback             0x08000a16   Section        0  usbd_conf.o(i.HAL_PCD_SetupStageCallback)
    i.HAL_PCD_Start                          0x08000a24   Section        0  stm32f1xx_hal_pcd.o(i.HAL_PCD_Start)
    i.HAL_PCD_SuspendCallback                0x08000a58   Section        0  usbd_conf.o(i.HAL_PCD_SuspendCallback)
    i.HAL_RCCEx_PeriphCLKConfig              0x08000a7c   Section        0  stm32f1xx_hal_rcc_ex.o(i.HAL_RCCEx_PeriphCLKConfig)
    i.HAL_RCC_ClockConfig                    0x08000ba8   Section        0  stm32f1xx_hal_rcc.o(i.HAL_RCC_ClockConfig)
    i.HAL_RCC_GetHCLKFreq                    0x08000d30   Section        0  stm32f1xx_hal_rcc.o(i.HAL_RCC_GetHCLKFreq)
    i.HAL_RCC_GetPCLK1Freq                   0x08000d3c   Section        0  stm32f1xx_hal_rcc.o(i.HAL_RCC_GetPCLK1Freq)
    i.HAL_RCC_GetPCLK2Freq                   0x08000d6c   Section        0  stm32f1xx_hal_rcc.o(i.HAL_RCC_GetPCLK2Freq)
    i.HAL_RCC_GetSysClockFreq                0x08000d9c   Section        0  stm32f1xx_hal_rcc.o(i.HAL_RCC_GetSysClockFreq)
    i.HAL_RCC_OscConfig                      0x08000e24   Section        0  stm32f1xx_hal_rcc.o(i.HAL_RCC_OscConfig)
    i.HAL_SPI_Init                           0x080013a4   Section        0  stm32f1xx_hal_spi_ex.o(i.HAL_SPI_Init)
    i.HAL_SPI_MspInit                        0x0800142c   Section        0  stm32f1xx_hal_msp.o(i.HAL_SPI_MspInit)
    i.HAL_SPI_TransmitReceive                0x08001484   Section        0  stm32f1xx_hal_spi.o(i.HAL_SPI_TransmitReceive)
    i.HAL_SYSTICK_CLKSourceConfig            0x08001736   Section        0  stm32f1xx_hal_cortex.o(i.HAL_SYSTICK_CLKSourceConfig)
    i.HAL_SYSTICK_Callback                   0x0800174e   Section        0  stm32f1xx_hal_cortex.o(i.HAL_SYSTICK_Callback)
    i.HAL_SYSTICK_Config                     0x08001750   Section        0  stm32f1xx_hal_cortex.o(i.HAL_SYSTICK_Config)
    i.HAL_SYSTICK_IRQHandler                 0x08001778   Section        0  stm32f1xx_hal_cortex.o(i.HAL_SYSTICK_IRQHandler)
    i.HAL_TIMEx_MasterConfigSynchronization  0x08001780   Section        0  stm32f1xx_hal_tim_ex.o(i.HAL_TIMEx_MasterConfigSynchronization)
    i.HAL_TIM_Base_Init                      0x080017d0   Section        0  stm32f1xx_hal_tim.o(i.HAL_TIM_Base_Init)
    i.HAL_TIM_Base_MspInit                   0x08001808   Section        0  stm32f1xx_hal_msp.o(i.HAL_TIM_Base_MspInit)
    i.HAL_TIM_ConfigClockSource              0x08001830   Section        0  stm32f1xx_hal_tim.o(i.HAL_TIM_ConfigClockSource)
    i.HAL_UART_Init                          0x08001922   Section        0  stm32f1xx_hal_uart.o(i.HAL_UART_Init)
    i.HAL_UART_MspInit                       0x08001980   Section        0  stm32f1xx_hal_msp.o(i.HAL_UART_MspInit)
    i.HardFault_Handler                      0x080019d8   Section        0  stm32f1xx_it.o(i.HardFault_Handler)
    i.MPU6500_Write_Reg                      0x080019dc   Section        0  mpu6500.o(i.MPU6500_Write_Reg)
    i.MX_GPIO_Init                           0x08001a14   Section        0  main.o(i.MX_GPIO_Init)
    MX_GPIO_Init                             0x08001a15   Thumb Code   110  main.o(i.MX_GPIO_Init)
    i.MX_SPI1_Init                           0x08001a90   Section        0  main.o(i.MX_SPI1_Init)
    MX_SPI1_Init                             0x08001a91   Thumb Code    56  main.o(i.MX_SPI1_Init)
    i.MX_TIM1_Init                           0x08001ad0   Section        0  main.o(i.MX_TIM1_Init)
    MX_TIM1_Init                             0x08001ad1   Thumb Code    76  main.o(i.MX_TIM1_Init)
    i.MX_USB_DEVICE_Init                     0x08001b24   Section        0  usb_device.o(i.MX_USB_DEVICE_Init)
    i.MemManage_Handler                      0x08001b5c   Section        0  stm32f1xx_it.o(i.MemManage_Handler)
    i.NMI_Handler                            0x08001b5e   Section        0  stm32f1xx_it.o(i.NMI_Handler)
    i.NVIC_SetPriority                       0x08001b60   Section        0  stm32f1xx_hal_cortex.o(i.NVIC_SetPriority)
    NVIC_SetPriority                         0x08001b61   Thumb Code    32  stm32f1xx_hal_cortex.o(i.NVIC_SetPriority)
    i.PCD_EP_ISR_Handler                     0x08001b80   Section        0  stm32f1xx_hal_pcd.o(i.PCD_EP_ISR_Handler)
    PCD_EP_ISR_Handler                       0x08001b81   Thumb Code   866  stm32f1xx_hal_pcd.o(i.PCD_EP_ISR_Handler)
    i.PendSV_Handler                         0x08001ee2   Section        0  stm32f1xx_it.o(i.PendSV_Handler)
    i.SPI_WaitOnFlagUntilTimeout             0x08001ee4   Section        0  stm32f1xx_hal_spi.o(i.SPI_WaitOnFlagUntilTimeout)
    SPI_WaitOnFlagUntilTimeout               0x08001ee5   Thumb Code   158  stm32f1xx_hal_spi.o(i.SPI_WaitOnFlagUntilTimeout)
    i.SVC_Handler                            0x08001f82   Section        0  stm32f1xx_it.o(i.SVC_Handler)
    i.SysTick_Handler                        0x08001f84   Section        0  stm32f1xx_it.o(i.SysTick_Handler)
    i.SystemClock_Config                     0x08001f92   Section        0  main.o(i.SystemClock_Config)
    i.SystemInit                             0x08002008   Section        0  system_stm32f1xx.o(i.SystemInit)
    i.TIM_Base_SetConfig                     0x08002050   Section        0  stm32f1xx_hal_tim.o(i.TIM_Base_SetConfig)
    i.TIM_ETR_SetConfig                      0x080020b4   Section        0  stm32f1xx_hal_tim.o(i.TIM_ETR_SetConfig)
    TIM_ETR_SetConfig                        0x080020b5   Thumb Code    20  stm32f1xx_hal_tim.o(i.TIM_ETR_SetConfig)
    i.TIM_ITRx_SetConfig                     0x080020c8   Section        0  stm32f1xx_hal_tim.o(i.TIM_ITRx_SetConfig)
    TIM_ITRx_SetConfig                       0x080020c9   Thumb Code    16  stm32f1xx_hal_tim.o(i.TIM_ITRx_SetConfig)
    i.TIM_TI1_ConfigInputStage               0x080020d8   Section        0  stm32f1xx_hal_tim.o(i.TIM_TI1_ConfigInputStage)
    TIM_TI1_ConfigInputStage                 0x080020d9   Thumb Code    34  stm32f1xx_hal_tim.o(i.TIM_TI1_ConfigInputStage)
    i.TIM_TI2_ConfigInputStage               0x080020fa   Section        0  stm32f1xx_hal_tim.o(i.TIM_TI2_ConfigInputStage)
    TIM_TI2_ConfigInputStage                 0x080020fb   Thumb Code    36  stm32f1xx_hal_tim.o(i.TIM_TI2_ConfigInputStage)
    i.UART_SetConfig                         0x08002120   Section        0  stm32f1xx_hal_uart.o(i.UART_SetConfig)
    UART_SetConfig                           0x08002121   Thumb Code   364  stm32f1xx_hal_uart.o(i.UART_SetConfig)
    i.USBD_CDC_DataIn                        0x08002290   Section        0  usbd_cdc.o(i.USBD_CDC_DataIn)
    USBD_CDC_DataIn                          0x08002291   Thumb Code    20  usbd_cdc.o(i.USBD_CDC_DataIn)
    i.USBD_CDC_DataOut                       0x080022a4   Section        0  usbd_cdc.o(i.USBD_CDC_DataOut)
    USBD_CDC_DataOut                         0x080022a5   Thumb Code    46  usbd_cdc.o(i.USBD_CDC_DataOut)
    i.USBD_CDC_DeInit                        0x080022d2   Section        0  usbd_cdc.o(i.USBD_CDC_DeInit)
    USBD_CDC_DeInit                          0x080022d3   Thumb Code    60  usbd_cdc.o(i.USBD_CDC_DeInit)
    i.USBD_CDC_EP0_RxReady                   0x0800230e   Section        0  usbd_cdc.o(i.USBD_CDC_EP0_RxReady)
    USBD_CDC_EP0_RxReady                     0x0800230f   Thumb Code    36  usbd_cdc.o(i.USBD_CDC_EP0_RxReady)
    i.USBD_CDC_GetDeviceQualifierDescriptor  0x08002334   Section        0  usbd_cdc.o(i.USBD_CDC_GetDeviceQualifierDescriptor)
    i.USBD_CDC_GetFSCfgDesc                  0x08002340   Section        0  usbd_cdc.o(i.USBD_CDC_GetFSCfgDesc)
    USBD_CDC_GetFSCfgDesc                    0x08002341   Thumb Code     8  usbd_cdc.o(i.USBD_CDC_GetFSCfgDesc)
    i.USBD_CDC_GetHSCfgDesc                  0x0800234c   Section        0  usbd_cdc.o(i.USBD_CDC_GetHSCfgDesc)
    USBD_CDC_GetHSCfgDesc                    0x0800234d   Thumb Code     8  usbd_cdc.o(i.USBD_CDC_GetHSCfgDesc)
    i.USBD_CDC_GetOtherSpeedCfgDesc          0x08002358   Section        0  usbd_cdc.o(i.USBD_CDC_GetOtherSpeedCfgDesc)
    USBD_CDC_GetOtherSpeedCfgDesc            0x08002359   Thumb Code     8  usbd_cdc.o(i.USBD_CDC_GetOtherSpeedCfgDesc)
    i.USBD_CDC_Init                          0x08002364   Section        0  usbd_cdc.o(i.USBD_CDC_Init)
    USBD_CDC_Init                            0x08002365   Thumb Code   136  usbd_cdc.o(i.USBD_CDC_Init)
    i.USBD_CDC_ReceivePacket                 0x080023ec   Section        0  usbd_cdc.o(i.USBD_CDC_ReceivePacket)
    i.USBD_CDC_RegisterInterface             0x08002414   Section        0  usbd_cdc.o(i.USBD_CDC_RegisterInterface)
    i.USBD_CDC_SetRxBuffer                   0x08002424   Section        0  usbd_cdc.o(i.USBD_CDC_SetRxBuffer)
    i.USBD_CDC_SetTxBuffer                   0x08002430   Section        0  usbd_cdc.o(i.USBD_CDC_SetTxBuffer)
    i.USBD_CDC_Setup                         0x08002440   Section        0  usbd_cdc.o(i.USBD_CDC_Setup)
    USBD_CDC_Setup                           0x08002441   Thumb Code   106  usbd_cdc.o(i.USBD_CDC_Setup)
    i.USBD_CDC_TransmitPacket                0x080024b0   Section        0  usbd_cdc.o(i.USBD_CDC_TransmitPacket)
    i.USBD_ClrClassConfig                    0x080024e0   Section        0  usbd_core.o(i.USBD_ClrClassConfig)
    i.USBD_CtlContinueRx                     0x080024ee   Section        0  usbd_ioreq.o(i.USBD_CtlContinueRx)
    i.USBD_CtlContinueSendData               0x080024fe   Section        0  usbd_ioreq.o(i.USBD_CtlContinueSendData)
    i.USBD_CtlError                          0x0800250e   Section        0  usbd_ctlreq.o(i.USBD_CtlError)
    i.USBD_CtlPrepareRx                      0x08002524   Section        0  usbd_ioreq.o(i.USBD_CtlPrepareRx)
    i.USBD_CtlReceiveStatus                  0x08002542   Section        0  usbd_ioreq.o(i.USBD_CtlReceiveStatus)
    i.USBD_CtlSendData                       0x08002558   Section        0  usbd_ioreq.o(i.USBD_CtlSendData)
    i.USBD_CtlSendStatus                     0x08002572   Section        0  usbd_ioreq.o(i.USBD_CtlSendStatus)
    i.USBD_FS_ConfigStrDescriptor            0x08002588   Section        0  usbd_desc.o(i.USBD_FS_ConfigStrDescriptor)
    i.USBD_FS_DeviceDescriptor               0x080025a8   Section        0  usbd_desc.o(i.USBD_FS_DeviceDescriptor)
    i.USBD_FS_InterfaceStrDescriptor         0x080025b4   Section        0  usbd_desc.o(i.USBD_FS_InterfaceStrDescriptor)
    i.USBD_FS_LangIDStrDescriptor            0x080025d8   Section        0  usbd_desc.o(i.USBD_FS_LangIDStrDescriptor)
    i.USBD_FS_ManufacturerStrDescriptor      0x080025e4   Section        0  usbd_desc.o(i.USBD_FS_ManufacturerStrDescriptor)
    i.USBD_FS_ProductStrDescriptor           0x0800260c   Section        0  usbd_desc.o(i.USBD_FS_ProductStrDescriptor)
    i.USBD_FS_SerialStrDescriptor            0x08002638   Section        0  usbd_desc.o(i.USBD_FS_SerialStrDescriptor)
    i.USBD_GetDescriptor                     0x0800265c   Section        0  usbd_ctlreq.o(i.USBD_GetDescriptor)
    USBD_GetDescriptor                       0x0800265d   Thumb Code   224  usbd_ctlreq.o(i.USBD_GetDescriptor)
    i.USBD_GetString                         0x0800273c   Section        0  usbd_ctlreq.o(i.USBD_GetString)
    i.USBD_Init                              0x08002782   Section        0  usbd_core.o(i.USBD_Init)
    i.USBD_LL_ClearStallEP                   0x080027ac   Section        0  usbd_conf.o(i.USBD_LL_ClearStallEP)
    i.USBD_LL_CloseEP                        0x080027ba   Section        0  usbd_conf.o(i.USBD_LL_CloseEP)
    i.USBD_LL_DataInStage                    0x080027c8   Section        0  usbd_core.o(i.USBD_LL_DataInStage)
    i.USBD_LL_DataOutStage                   0x08002872   Section        0  usbd_core.o(i.USBD_LL_DataOutStage)
    i.USBD_LL_GetRxDataSize                  0x080028dc   Section        0  usbd_conf.o(i.USBD_LL_GetRxDataSize)
    i.USBD_LL_Init                           0x080028e4   Section        0  usbd_conf.o(i.USBD_LL_Init)
    i.USBD_LL_IsStallEP                      0x08002968   Section        0  usbd_conf.o(i.USBD_LL_IsStallEP)
    i.USBD_LL_OpenEP                         0x08002984   Section        0  usbd_conf.o(i.USBD_LL_OpenEP)
    i.USBD_LL_PrepareReceive                 0x08002998   Section        0  usbd_conf.o(i.USBD_LL_PrepareReceive)
    i.USBD_LL_Reset                          0x080029a6   Section        0  usbd_core.o(i.USBD_LL_Reset)
    i.USBD_LL_Resume                         0x080029e4   Section        0  usbd_core.o(i.USBD_LL_Resume)
    i.USBD_LL_SOF                            0x080029f0   Section        0  usbd_core.o(i.USBD_LL_SOF)
    i.USBD_LL_SetSpeed                       0x08002a08   Section        0  usbd_core.o(i.USBD_LL_SetSpeed)
    i.USBD_LL_SetUSBAddress                  0x08002a0e   Section        0  usbd_conf.o(i.USBD_LL_SetUSBAddress)
    i.USBD_LL_SetupStage                     0x08002a1c   Section        0  usbd_core.o(i.USBD_LL_SetupStage)
    i.USBD_LL_StallEP                        0x08002a76   Section        0  usbd_conf.o(i.USBD_LL_StallEP)
    i.USBD_LL_Start                          0x08002a84   Section        0  usbd_conf.o(i.USBD_LL_Start)
    i.USBD_LL_Suspend                        0x08002a92   Section        0  usbd_core.o(i.USBD_LL_Suspend)
    i.USBD_LL_Transmit                       0x08002aa4   Section        0  usbd_conf.o(i.USBD_LL_Transmit)
    i.USBD_ParseSetupRequest                 0x08002ab2   Section        0  usbd_ctlreq.o(i.USBD_ParseSetupRequest)
    i.USBD_RegisterClass                     0x08002ada   Section        0  usbd_core.o(i.USBD_RegisterClass)
    i.USBD_SetClassConfig                    0x08002aea   Section        0  usbd_core.o(i.USBD_SetClassConfig)
    i.USBD_SetConfig                         0x08002b00   Section        0  usbd_ctlreq.o(i.USBD_SetConfig)
    USBD_SetConfig                           0x08002b01   Thumb Code   110  usbd_ctlreq.o(i.USBD_SetConfig)
    i.USBD_Start                             0x08002b74   Section        0  usbd_core.o(i.USBD_Start)
    i.USBD_StdDevReq                         0x08002b7e   Section        0  usbd_ctlreq.o(i.USBD_StdDevReq)
    i.USBD_StdEPReq                          0x08002c70   Section        0  usbd_ctlreq.o(i.USBD_StdEPReq)
    i.USBD_StdItfReq                         0x08002d4c   Section        0  usbd_ctlreq.o(i.USBD_StdItfReq)
    i.USBD_static_free                       0x08002d80   Section        0  usbd_conf.o(i.USBD_static_free)
    i.USBD_static_malloc                     0x08002d84   Section        0  usbd_conf.o(i.USBD_static_malloc)
    i.USB_ActivateEndpoint                   0x08002d8c   Section        0  stm32f1xx_ll_usb.o(i.USB_ActivateEndpoint)
    i.USB_CoreInit                           0x08002fe8   Section        0  stm32f1xx_ll_usb.o(i.USB_CoreInit)
    i.USB_DeactivateEndpoint                 0x08002fec   Section        0  stm32f1xx_ll_usb.o(i.USB_DeactivateEndpoint)
    i.USB_DevConnect                         0x08003110   Section        0  stm32f1xx_ll_usb.o(i.USB_DevConnect)
    i.USB_DevDisconnect                      0x08003114   Section        0  stm32f1xx_ll_usb.o(i.USB_DevDisconnect)
    i.USB_DevInit                            0x08003118   Section        0  stm32f1xx_ll_usb.o(i.USB_DevInit)
    i.USB_DisableGlobalInt                   0x0800312a   Section        0  stm32f1xx_ll_usb.o(i.USB_DisableGlobalInt)
    i.USB_EP0_OutStart                       0x08003138   Section        0  stm32f1xx_ll_usb.o(i.USB_EP0_OutStart)
    i.USB_EPClearStall                       0x0800313c   Section        0  stm32f1xx_ll_usb.o(i.USB_EPClearStall)
    i.USB_EPSetStall                         0x080031a6   Section        0  stm32f1xx_ll_usb.o(i.USB_EPSetStall)
    i.USB_EPStartXfer                        0x080031f0   Section        0  stm32f1xx_ll_usb.o(i.USB_EPStartXfer)
    i.USB_EnableGlobalInt                    0x0800339a   Section        0  stm32f1xx_ll_usb.o(i.USB_EnableGlobalInt)
    i.USB_LP_CAN1_RX0_IRQHandler             0x080033a8   Section        0  stm32f1xx_it.o(i.USB_LP_CAN1_RX0_IRQHandler)
    i.USB_ReadInterrupts                     0x080033b4   Section        0  stm32f1xx_ll_usb.o(i.USB_ReadInterrupts)
    i.USB_ReadPMA                            0x080033bc   Section        0  stm32f1xx_ll_usb.o(i.USB_ReadPMA)
    i.USB_SetCurrentMode                     0x080033da   Section        0  stm32f1xx_ll_usb.o(i.USB_SetCurrentMode)
    i.USB_SetDevAddress                      0x080033de   Section        0  stm32f1xx_ll_usb.o(i.USB_SetDevAddress)
    i.USB_WritePMA                           0x080033ea   Section        0  stm32f1xx_ll_usb.o(i.USB_WritePMA)
    i.UsageFault_Handler                     0x08003410   Section        0  stm32f1xx_it.o(i.UsageFault_Handler)
    i.__0printf$bare                         0x08003414   Section        0  printfb.o(i.__0printf$bare)
    i.__scatterload_copy                     0x08003424   Section       14  handlers.o(i.__scatterload_copy)
    i.__scatterload_null                     0x08003432   Section        2  handlers.o(i.__scatterload_null)
    i.__scatterload_zeroinit                 0x08003434   Section       14  handlers.o(i.__scatterload_zeroinit)
    i._printf_core                           0x08003442   Section        0  printfb.o(i._printf_core)
    _printf_core                             0x08003443   Thumb Code    34  printfb.o(i._printf_core)
    i.fputc                                  0x08003464   Section        0  sys.o(i.fputc)
    i.main                                   0x0800347c   Section        0  main.o(i.main)
    i.mpu6500_ReadtoUSB                      0x080034e0   Section        0  mpu6500.o(i.mpu6500_ReadtoUSB)
    i.mpu6500_init                           0x08003544   Section        0  mpu6500.o(i.mpu6500_init)
    .constdata                               0x080035a6   Section       16  system_stm32f1xx.o(.constdata)
    .constdata                               0x080035b6   Section        8  system_stm32f1xx.o(.constdata)
    .data                                    0x20000000   Section       16  usbd_cdc_if.o(.data)
    .data                                    0x20000010   Section        8  usbd_cdc_if.o(.data)
    .data                                    0x20000018   Section       28  usbd_desc.o(.data)
    .data                                    0x20000034   Section       22  usbd_desc.o(.data)
    .data                                    0x2000004a   Section        8  mpu6500.o(.data)
    .data                                    0x20000052   Section        1  stm32f1xx_hal_spi_ex.o(.data)
    .data                                    0x20000054   Section        4  stm32f1xx_hal.o(.data)
    uwTick                                   0x20000054   Data           4  stm32f1xx_hal.o(.data)
    .data                                    0x20000058   Section        4  system_stm32f1xx.o(.data)
    .data                                    0x2000005c   Section        1  usbd_ctlreq.o(.data)
    cfgidx                                   0x2000005c   Data           1  usbd_ctlreq.o(.data)
    .data                                    0x20000060   Section      219  usbd_cdc.o(.data)
    ifalt                                    0x20000060   Data           1  usbd_cdc.o(.data)
    USBD_CDC_DeviceQualifierDesc             0x20000064   Data          10  usbd_cdc.o(.data)
    .data                                    0x2000013c   Section       56  usbd_cdc.o(.data)
    .data                                    0x20000174   Section        4  stdout.o(.data)
    .bss                                     0x20000178   Section      212  main.o(.bss)
    .bss                                     0x2000024c   Section      548  usb_device.o(.bss)
    .bss                                     0x20000470   Section     1600  usbd_conf.o(.bss)
    mem                                      0x20000470   Data         544  usbd_conf.o(.bss)
    .bss                                     0x20000ab0   Section      512  usbd_desc.o(.bss)
    .bss                                     0x20000cb0   Section       30  mpu6500.o(.bss)
    STACK                                    0x20000cd0   Section     1024  startup_stm32f103xb.o(STACK)

    Global Symbols

    Symbol Name                              Value     Ov Type        Size  Object(Section)

    BuildAttributes$$THM_ISAv4$P$D$K$B$S$PE$A:L22UL41UL21$X:L11$S22US41US21$IEEE1$IW$USESV6$~STKCKD$USESV7$~SHL$OSPACE$ROPI$EBA8$MICROLIB$REQ8$PRES8$EABIv2 0x00000000   Number         0  anon$$obj.o ABSOLUTE
    __ARM_use_no_argv                        0x00000000   Number         0  main.o ABSOLUTE
    __cpp_initialize__aeabi_                  - Undefined Weak Reference
    __cxa_finalize                            - Undefined Weak Reference
    _clock_init                               - Undefined Weak Reference
    _microlib_exit                            - Undefined Weak Reference
    __Vectors_Size                           0x000000ec   Number         0  startup_stm32f103xb.o ABSOLUTE
    __Vectors                                0x08000000   Data           4  startup_stm32f103xb.o(RESET)
    __Vectors_End                            0x080000ec   Data           0  startup_stm32f103xb.o(RESET)
    __main                                   0x080000ed   Thumb Code     0  entry.o(.ARM.Collect$$$$00000000)
    _main_stk                                0x080000ed   Thumb Code     0  entry2.o(.ARM.Collect$$$$00000001)
    _main_scatterload                        0x080000f1   Thumb Code     0  entry5.o(.ARM.Collect$$$$00000004)
    __main_after_scatterload                 0x080000f5   Thumb Code     0  entry5.o(.ARM.Collect$$$$00000004)
    _main_clock                              0x080000f5   Thumb Code     0  entry7b.o(.ARM.Collect$$$$00000008)
    _main_cpp_init                           0x080000f5   Thumb Code     0  entry8b.o(.ARM.Collect$$$$0000000A)
    _main_init                               0x080000f5   Thumb Code     0  entry9a.o(.ARM.Collect$$$$0000000B)
    __rt_final_cpp                           0x080000fd   Thumb Code     0  entry10a.o(.ARM.Collect$$$$0000000D)
    __rt_final_exit                          0x080000fd   Thumb Code     0  entry11a.o(.ARM.Collect$$$$0000000F)
    Reset_Handler                            0x08000101   Thumb Code     8  startup_stm32f103xb.o(.text)
    ADC1_2_IRQHandler                        0x0800011b   Thumb Code     0  startup_stm32f103xb.o(.text)
    CAN1_RX1_IRQHandler                      0x0800011b   Thumb Code     0  startup_stm32f103xb.o(.text)
    CAN1_SCE_IRQHandler                      0x0800011b   Thumb Code     0  startup_stm32f103xb.o(.text)
    DMA1_Channel1_IRQHandler                 0x0800011b   Thumb Code     0  startup_stm32f103xb.o(.text)
    DMA1_Channel2_IRQHandler                 0x0800011b   Thumb Code     0  startup_stm32f103xb.o(.text)
    DMA1_Channel3_IRQHandler                 0x0800011b   Thumb Code     0  startup_stm32f103xb.o(.text)
    DMA1_Channel4_IRQHandler                 0x0800011b   Thumb Code     0  startup_stm32f103xb.o(.text)
    DMA1_Channel5_IRQHandler                 0x0800011b   Thumb Code     0  startup_stm32f103xb.o(.text)
    DMA1_Channel6_IRQHandler                 0x0800011b   Thumb Code     0  startup_stm32f103xb.o(.text)
    DMA1_Channel7_IRQHandler                 0x0800011b   Thumb Code     0  startup_stm32f103xb.o(.text)
    EXTI0_IRQHandler                         0x0800011b   Thumb Code     0  startup_stm32f103xb.o(.text)
    EXTI15_10_IRQHandler                     0x0800011b   Thumb Code     0  startup_stm32f103xb.o(.text)
    EXTI2_IRQHandler                         0x0800011b   Thumb Code     0  startup_stm32f103xb.o(.text)
    EXTI3_IRQHandler                         0x0800011b   Thumb Code     0  startup_stm32f103xb.o(.text)
    EXTI4_IRQHandler                         0x0800011b   Thumb Code     0  startup_stm32f103xb.o(.text)
    EXTI9_5_IRQHandler                       0x0800011b   Thumb Code     0  startup_stm32f103xb.o(.text)
    FLASH_IRQHandler                         0x0800011b   Thumb Code     0  startup_stm32f103xb.o(.text)
    I2C1_ER_IRQHandler                       0x0800011b   Thumb Code     0  startup_stm32f103xb.o(.text)
    I2C1_EV_IRQHandler                       0x0800011b   Thumb Code     0  startup_stm32f103xb.o(.text)
    I2C2_ER_IRQHandler                       0x0800011b   Thumb Code     0  startup_stm32f103xb.o(.text)
    I2C2_EV_IRQHandler                       0x0800011b   Thumb Code     0  startup_stm32f103xb.o(.text)
    PVD_IRQHandler                           0x0800011b   Thumb Code     0  startup_stm32f103xb.o(.text)
    RCC_IRQHandler                           0x0800011b   Thumb Code     0  startup_stm32f103xb.o(.text)
    RTC_Alarm_IRQHandler                     0x0800011b   Thumb Code     0  startup_stm32f103xb.o(.text)
    RTC_IRQHandler                           0x0800011b   Thumb Code     0  startup_stm32f103xb.o(.text)
    SPI1_IRQHandler                          0x0800011b   Thumb Code     0  startup_stm32f103xb.o(.text)
    SPI2_IRQHandler                          0x0800011b   Thumb Code     0  startup_stm32f103xb.o(.text)
    TAMPER_IRQHandler                        0x0800011b   Thumb Code     0  startup_stm32f103xb.o(.text)
    TIM1_BRK_IRQHandler                      0x0800011b   Thumb Code     0  startup_stm32f103xb.o(.text)
    TIM1_CC_IRQHandler                       0x0800011b   Thumb Code     0  startup_stm32f103xb.o(.text)
    TIM1_TRG_COM_IRQHandler                  0x0800011b   Thumb Code     0  startup_stm32f103xb.o(.text)
    TIM1_UP_IRQHandler                       0x0800011b   Thumb Code     0  startup_stm32f103xb.o(.text)
    TIM2_IRQHandler                          0x0800011b   Thumb Code     0  startup_stm32f103xb.o(.text)
    TIM3_IRQHandler                          0x0800011b   Thumb Code     0  startup_stm32f103xb.o(.text)
    TIM4_IRQHandler                          0x0800011b   Thumb Code     0  startup_stm32f103xb.o(.text)
    USART1_IRQHandler                        0x0800011b   Thumb Code     0  startup_stm32f103xb.o(.text)
    USART2_IRQHandler                        0x0800011b   Thumb Code     0  startup_stm32f103xb.o(.text)
    USART3_IRQHandler                        0x0800011b   Thumb Code     0  startup_stm32f103xb.o(.text)
    USBWakeUp_IRQHandler                     0x0800011b   Thumb Code     0  startup_stm32f103xb.o(.text)
    USB_HP_CAN1_TX_IRQHandler                0x0800011b   Thumb Code     0  startup_stm32f103xb.o(.text)
    WWDG_IRQHandler                          0x0800011b   Thumb Code     0  startup_stm32f103xb.o(.text)
    __aeabi_memcpy                           0x08000125   Thumb Code    36  memcpya.o(.text)
    __aeabi_memcpy4                          0x08000125   Thumb Code     0  memcpya.o(.text)
    __aeabi_memcpy8                          0x08000125   Thumb Code     0  memcpya.o(.text)
    __scatterload                            0x08000149   Thumb Code    28  init.o(.text)
    __scatterload_rt2                        0x08000149   Thumb Code     0  init.o(.text)
    __decompress                             0x0800016d   Thumb Code     0  __dczerorl2.o(.text)
    __decompress1                            0x0800016d   Thumb Code    86  __dczerorl2.o(.text)
    BusFault_Handler                         0x080001c3   Thumb Code     2  stm32f1xx_it.o(i.BusFault_Handler)
    CDC_Transmit_FS                          0x08000221   Thumb Code    38  usbd_cdc_if.o(i.CDC_Transmit_FS)
    DebugMon_Handler                         0x0800024d   Thumb Code     2  stm32f1xx_it.o(i.DebugMon_Handler)
    EXTI1_IRQHandler                         0x0800024f   Thumb Code    16  stm32f1xx_it.o(i.EXTI1_IRQHandler)
    Error_Handler                            0x0800025f   Thumb Code     2  main.o(i.Error_Handler)
    HAL_Delay                                0x08000261   Thumb Code    22  stm32f1xx_hal.o(i.HAL_Delay)
    HAL_GPIO_EXTI_Callback                   0x08000277   Thumb Code     2  stm32f1xx_hal_gpio.o(i.HAL_GPIO_EXTI_Callback)
    HAL_GPIO_EXTI_IRQHandler                 0x08000279   Thumb Code    18  stm32f1xx_hal_gpio.o(i.HAL_GPIO_EXTI_IRQHandler)
    HAL_GPIO_Init                            0x08000291   Thumb Code   408  stm32f1xx_hal_gpio.o(i.HAL_GPIO_Init)
    HAL_GPIO_WritePin                        0x0800044d   Thumb Code    10  stm32f1xx_hal_gpio.o(i.HAL_GPIO_WritePin)
    HAL_GetTick                              0x08000459   Thumb Code     6  stm32f1xx_hal.o(i.HAL_GetTick)
    HAL_IncTick                              0x08000465   Thumb Code    10  stm32f1xx_hal.o(i.HAL_IncTick)
    HAL_Init                                 0x08000475   Thumb Code    32  stm32f1xx_hal.o(i.HAL_Init)
    HAL_InitTick                             0x08000499   Thumb Code    34  stm32f1xx_hal.o(i.HAL_InitTick)
    HAL_MspInit                              0x080004bd   Thumb Code   118  stm32f1xx_hal_msp.o(i.HAL_MspInit)
    HAL_NVIC_EnableIRQ                       0x0800053d   Thumb Code    22  stm32f1xx_hal_cortex.o(i.HAL_NVIC_EnableIRQ)
    HAL_NVIC_SetPriority                     0x08000555   Thumb Code    60  stm32f1xx_hal_cortex.o(i.HAL_NVIC_SetPriority)
    HAL_NVIC_SetPriorityGrouping             0x08000595   Thumb Code    26  stm32f1xx_hal_cortex.o(i.HAL_NVIC_SetPriorityGrouping)
    HAL_PCDEx_PMAConfig                      0x080005b9   Thumb Code    52  stm32f1xx_hal_pcd_ex.o(i.HAL_PCDEx_PMAConfig)
    HAL_PCDEx_SetConnectionState             0x080005ed   Thumb Code     2  usbd_conf.o(i.HAL_PCDEx_SetConnectionState)
    HAL_PCD_DataInStageCallback              0x080005ef   Thumb Code    14  usbd_conf.o(i.HAL_PCD_DataInStageCallback)
    HAL_PCD_DataOutStageCallback             0x080005fd   Thumb Code    16  usbd_conf.o(i.HAL_PCD_DataOutStageCallback)
    HAL_PCD_EP_Close                         0x0800060d   Thumb Code    64  stm32f1xx_hal_pcd.o(i.HAL_PCD_EP_Close)
    HAL_PCD_EP_ClrStall                      0x0800064d   Thumb Code    72  stm32f1xx_hal_pcd.o(i.HAL_PCD_EP_ClrStall)
    HAL_PCD_EP_GetRxCount                    0x08000695   Thumb Code    16  stm32f1xx_hal_pcd.o(i.HAL_PCD_EP_GetRxCount)
    HAL_PCD_EP_Open                          0x080006a5   Thumb Code    68  stm32f1xx_hal_pcd.o(i.HAL_PCD_EP_Open)
    HAL_PCD_EP_Receive                       0x080006e9   Thumb Code    64  stm32f1xx_hal_pcd.o(i.HAL_PCD_EP_Receive)
    HAL_PCD_EP_SetStall                      0x08000729   Thumb Code    86  stm32f1xx_hal_pcd.o(i.HAL_PCD_EP_SetStall)
    HAL_PCD_EP_Transmit                      0x0800077f   Thumb Code    62  stm32f1xx_hal_pcd.o(i.HAL_PCD_EP_Transmit)
    HAL_PCD_IRQHandler                       0x080007bd   Thumb Code   266  stm32f1xx_hal_pcd.o(i.HAL_PCD_IRQHandler)
    HAL_PCD_Init                             0x080008c9   Thumb Code   192  stm32f1xx_hal_pcd.o(i.HAL_PCD_Init)
    HAL_PCD_MspInit                          0x08000989   Thumb Code    50  usbd_conf.o(i.HAL_PCD_MspInit)
    HAL_PCD_ResetCallback                    0x080009c5   Thumb Code    26  usbd_conf.o(i.HAL_PCD_ResetCallback)
    HAL_PCD_ResumeCallback                   0x080009df   Thumb Code     8  usbd_conf.o(i.HAL_PCD_ResumeCallback)
    HAL_PCD_SOFCallback                      0x080009e7   Thumb Code     8  usbd_conf.o(i.HAL_PCD_SOFCallback)
    HAL_PCD_SetAddress                       0x080009ef   Thumb Code    40  stm32f1xx_hal_pcd.o(i.HAL_PCD_SetAddress)
    HAL_PCD_SetupStageCallback               0x08000a17   Thumb Code    14  usbd_conf.o(i.HAL_PCD_SetupStageCallback)
    HAL_PCD_Start                            0x08000a25   Thumb Code    50  stm32f1xx_hal_pcd.o(i.HAL_PCD_Start)
    HAL_PCD_SuspendCallback                  0x08000a59   Thumb Code    30  usbd_conf.o(i.HAL_PCD_SuspendCallback)
    HAL_RCCEx_PeriphCLKConfig                0x08000a7d   Thumb Code   288  stm32f1xx_hal_rcc_ex.o(i.HAL_RCCEx_PeriphCLKConfig)
    HAL_RCC_ClockConfig                      0x08000ba9   Thumb Code   374  stm32f1xx_hal_rcc.o(i.HAL_RCC_ClockConfig)
    HAL_RCC_GetHCLKFreq                      0x08000d31   Thumb Code     6  stm32f1xx_hal_rcc.o(i.HAL_RCC_GetHCLKFreq)
    HAL_RCC_GetPCLK1Freq                     0x08000d3d   Thumb Code    34  stm32f1xx_hal_rcc.o(i.HAL_RCC_GetPCLK1Freq)
    HAL_RCC_GetPCLK2Freq                     0x08000d6d   Thumb Code    34  stm32f1xx_hal_rcc.o(i.HAL_RCC_GetPCLK2Freq)
    HAL_RCC_GetSysClockFreq                  0x08000d9d   Thumb Code   102  stm32f1xx_hal_rcc.o(i.HAL_RCC_GetSysClockFreq)
    HAL_RCC_OscConfig                        0x08000e25   Thumb Code  1406  stm32f1xx_hal_rcc.o(i.HAL_RCC_OscConfig)
    HAL_SPI_Init                             0x080013a5   Thumb Code   132  stm32f1xx_hal_spi_ex.o(i.HAL_SPI_Init)
    HAL_SPI_MspInit                          0x0800142d   Thumb Code    74  stm32f1xx_hal_msp.o(i.HAL_SPI_MspInit)
    HAL_SPI_TransmitReceive                  0x08001485   Thumb Code   690  stm32f1xx_hal_spi.o(i.HAL_SPI_TransmitReceive)
    HAL_SYSTICK_CLKSourceConfig              0x08001737   Thumb Code    24  stm32f1xx_hal_cortex.o(i.HAL_SYSTICK_CLKSourceConfig)
    HAL_SYSTICK_Callback                     0x0800174f   Thumb Code     2  stm32f1xx_hal_cortex.o(i.HAL_SYSTICK_Callback)
    HAL_SYSTICK_Config                       0x08001751   Thumb Code    40  stm32f1xx_hal_cortex.o(i.HAL_SYSTICK_Config)
    HAL_SYSTICK_IRQHandler                   0x08001779   Thumb Code     8  stm32f1xx_hal_cortex.o(i.HAL_SYSTICK_IRQHandler)
    HAL_TIMEx_MasterConfigSynchronization    0x08001781   Thumb Code    80  stm32f1xx_hal_tim_ex.o(i.HAL_TIMEx_MasterConfigSynchronization)
    HAL_TIM_Base_Init                        0x080017d1   Thumb Code    54  stm32f1xx_hal_tim.o(i.HAL_TIM_Base_Init)
    HAL_TIM_Base_MspInit                     0x08001809   Thumb Code    30  stm32f1xx_hal_msp.o(i.HAL_TIM_Base_MspInit)
    HAL_TIM_ConfigClockSource                0x08001831   Thumb Code   242  stm32f1xx_hal_tim.o(i.HAL_TIM_ConfigClockSource)
    HAL_UART_Init                            0x08001923   Thumb Code    94  stm32f1xx_hal_uart.o(i.HAL_UART_Init)
    HAL_UART_MspInit                         0x08001981   Thumb Code    76  stm32f1xx_hal_msp.o(i.HAL_UART_MspInit)
    HardFault_Handler                        0x080019d9   Thumb Code     2  stm32f1xx_it.o(i.HardFault_Handler)
    MPU6500_Write_Reg                        0x080019dd   Thumb Code    42  mpu6500.o(i.MPU6500_Write_Reg)
    MX_USB_DEVICE_Init                       0x08001b25   Thumb Code    38  usb_device.o(i.MX_USB_DEVICE_Init)
    MemManage_Handler                        0x08001b5d   Thumb Code     2  stm32f1xx_it.o(i.MemManage_Handler)
    NMI_Handler                              0x08001b5f   Thumb Code     2  stm32f1xx_it.o(i.NMI_Handler)
    PendSV_Handler                           0x08001ee3   Thumb Code     2  stm32f1xx_it.o(i.PendSV_Handler)
    SVC_Handler                              0x08001f83   Thumb Code     2  stm32f1xx_it.o(i.SVC_Handler)
    SysTick_Handler                          0x08001f85   Thumb Code    14  stm32f1xx_it.o(i.SysTick_Handler)
    SystemClock_Config                       0x08001f93   Thumb Code   118  main.o(i.SystemClock_Config)
    SystemInit                               0x08002009   Thumb Code    56  system_stm32f1xx.o(i.SystemInit)
    TIM_Base_SetConfig                       0x08002051   Thumb Code    86  stm32f1xx_hal_tim.o(i.TIM_Base_SetConfig)
    USBD_CDC_GetDeviceQualifierDescriptor    0x08002335   Thumb Code     8  usbd_cdc.o(i.USBD_CDC_GetDeviceQualifierDescriptor)
    USBD_CDC_ReceivePacket                   0x080023ed   Thumb Code    40  usbd_cdc.o(i.USBD_CDC_ReceivePacket)
    USBD_CDC_RegisterInterface               0x08002415   Thumb Code    16  usbd_cdc.o(i.USBD_CDC_RegisterInterface)
    USBD_CDC_SetRxBuffer                     0x08002425   Thumb Code    12  usbd_cdc.o(i.USBD_CDC_SetRxBuffer)
    USBD_CDC_SetTxBuffer                     0x08002431   Thumb Code    16  usbd_cdc.o(i.USBD_CDC_SetTxBuffer)
    USBD_CDC_TransmitPacket                  0x080024b1   Thumb Code    48  usbd_cdc.o(i.USBD_CDC_TransmitPacket)
    USBD_ClrClassConfig                      0x080024e1   Thumb Code    14  usbd_core.o(i.USBD_ClrClassConfig)
    USBD_CtlContinueRx                       0x080024ef   Thumb Code    16  usbd_ioreq.o(i.USBD_CtlContinueRx)
    USBD_CtlContinueSendData                 0x080024ff   Thumb Code    16  usbd_ioreq.o(i.USBD_CtlContinueSendData)
    USBD_CtlError                            0x0800250f   Thumb Code    22  usbd_ctlreq.o(i.USBD_CtlError)
    USBD_CtlPrepareRx                        0x08002525   Thumb Code    30  usbd_ioreq.o(i.USBD_CtlPrepareRx)
    USBD_CtlReceiveStatus                    0x08002543   Thumb Code    22  usbd_ioreq.o(i.USBD_CtlReceiveStatus)
    USBD_CtlSendData                         0x08002559   Thumb Code    26  usbd_ioreq.o(i.USBD_CtlSendData)
    USBD_CtlSendStatus                       0x08002573   Thumb Code    22  usbd_ioreq.o(i.USBD_CtlSendStatus)
    USBD_FS_ConfigStrDescriptor              0x08002589   Thumb Code    16  usbd_desc.o(i.USBD_FS_ConfigStrDescriptor)
    USBD_FS_DeviceDescriptor                 0x080025a9   Thumb Code     8  usbd_desc.o(i.USBD_FS_DeviceDescriptor)
    USBD_FS_InterfaceStrDescriptor           0x080025b5   Thumb Code    16  usbd_desc.o(i.USBD_FS_InterfaceStrDescriptor)
    USBD_FS_LangIDStrDescriptor              0x080025d9   Thumb Code     8  usbd_desc.o(i.USBD_FS_LangIDStrDescriptor)
    USBD_FS_ManufacturerStrDescriptor        0x080025e5   Thumb Code    16  usbd_desc.o(i.USBD_FS_ManufacturerStrDescriptor)
    USBD_FS_ProductStrDescriptor             0x0800260d   Thumb Code    16  usbd_desc.o(i.USBD_FS_ProductStrDescriptor)
    USBD_FS_SerialStrDescriptor              0x08002639   Thumb Code    16  usbd_desc.o(i.USBD_FS_SerialStrDescriptor)
    USBD_GetString                           0x0800273d   Thumb Code    70  usbd_ctlreq.o(i.USBD_GetString)
    USBD_Init                                0x08002783   Thumb Code    42  usbd_core.o(i.USBD_Init)
    USBD_LL_ClearStallEP                     0x080027ad   Thumb Code    14  usbd_conf.o(i.USBD_LL_ClearStallEP)
    USBD_LL_CloseEP                          0x080027bb   Thumb Code    14  usbd_conf.o(i.USBD_LL_CloseEP)
    USBD_LL_DataInStage                      0x080027c9   Thumb Code   170  usbd_core.o(i.USBD_LL_DataInStage)
    USBD_LL_DataOutStage                     0x08002873   Thumb Code   106  usbd_core.o(i.USBD_LL_DataOutStage)
    USBD_LL_GetRxDataSize                    0x080028dd   Thumb Code     8  usbd_conf.o(i.USBD_LL_GetRxDataSize)
    USBD_LL_Init                             0x080028e5   Thumb Code   122  usbd_conf.o(i.USBD_LL_Init)
    USBD_LL_IsStallEP                        0x08002969   Thumb Code    28  usbd_conf.o(i.USBD_LL_IsStallEP)
    USBD_LL_OpenEP                           0x08002985   Thumb Code    20  usbd_conf.o(i.USBD_LL_OpenEP)
    USBD_LL_PrepareReceive                   0x08002999   Thumb Code    14  usbd_conf.o(i.USBD_LL_PrepareReceive)
    USBD_LL_Reset                            0x080029a7   Thumb Code    62  usbd_core.o(i.USBD_LL_Reset)
    USBD_LL_Resume                           0x080029e5   Thumb Code    12  usbd_core.o(i.USBD_LL_Resume)
    USBD_LL_SOF                              0x080029f1   Thumb Code    24  usbd_core.o(i.USBD_LL_SOF)
    USBD_LL_SetSpeed                         0x08002a09   Thumb Code     6  usbd_core.o(i.USBD_LL_SetSpeed)
    USBD_LL_SetUSBAddress                    0x08002a0f   Thumb Code    14  usbd_conf.o(i.USBD_LL_SetUSBAddress)
    USBD_LL_SetupStage                       0x08002a1d   Thumb Code    90  usbd_core.o(i.USBD_LL_SetupStage)
    USBD_LL_StallEP                          0x08002a77   Thumb Code    14  usbd_conf.o(i.USBD_LL_StallEP)
    USBD_LL_Start                            0x08002a85   Thumb Code    14  usbd_conf.o(i.USBD_LL_Start)
    USBD_LL_Suspend                          0x08002a93   Thumb Code    18  usbd_core.o(i.USBD_LL_Suspend)
    USBD_LL_Transmit                         0x08002aa5   Thumb Code    14  usbd_conf.o(i.USBD_LL_Transmit)
    USBD_ParseSetupRequest                   0x08002ab3   Thumb Code    40  usbd_ctlreq.o(i.USBD_ParseSetupRequest)
    USBD_RegisterClass                       0x08002adb   Thumb Code    16  usbd_core.o(i.USBD_RegisterClass)
    USBD_SetClassConfig                      0x08002aeb   Thumb Code    22  usbd_core.o(i.USBD_SetClassConfig)
    USBD_Start                               0x08002b75   Thumb Code    10  usbd_core.o(i.USBD_Start)
    USBD_StdDevReq                           0x08002b7f   Thumb Code   242  usbd_ctlreq.o(i.USBD_StdDevReq)
    USBD_StdEPReq                            0x08002c71   Thumb Code   220  usbd_ctlreq.o(i.USBD_StdEPReq)
    USBD_StdItfReq                           0x08002d4d   Thumb Code    52  usbd_ctlreq.o(i.USBD_StdItfReq)
    USBD_static_free                         0x08002d81   Thumb Code     2  usbd_conf.o(i.USBD_static_free)
    USBD_static_malloc                       0x08002d85   Thumb Code     4  usbd_conf.o(i.USBD_static_malloc)
    USB_ActivateEndpoint                     0x08002d8d   Thumb Code   604  stm32f1xx_ll_usb.o(i.USB_ActivateEndpoint)
    USB_CoreInit                             0x08002fe9   Thumb Code     4  stm32f1xx_ll_usb.o(i.USB_CoreInit)
    USB_DeactivateEndpoint                   0x08002fed   Thumb Code   292  stm32f1xx_ll_usb.o(i.USB_DeactivateEndpoint)
    USB_DevConnect                           0x08003111   Thumb Code     4  stm32f1xx_ll_usb.o(i.USB_DevConnect)
    USB_DevDisconnect                        0x08003115   Thumb Code     4  stm32f1xx_ll_usb.o(i.USB_DevDisconnect)
    USB_DevInit                              0x08003119   Thumb Code    18  stm32f1xx_ll_usb.o(i.USB_DevInit)
    USB_DisableGlobalInt                     0x0800312b   Thumb Code    14  stm32f1xx_ll_usb.o(i.USB_DisableGlobalInt)
    USB_EP0_OutStart                         0x08003139   Thumb Code     4  stm32f1xx_ll_usb.o(i.USB_EP0_OutStart)
    USB_EPClearStall                         0x0800313d   Thumb Code   106  stm32f1xx_ll_usb.o(i.USB_EPClearStall)
    USB_EPSetStall                           0x080031a7   Thumb Code    74  stm32f1xx_ll_usb.o(i.USB_EPSetStall)
    USB_EPStartXfer                          0x080031f1   Thumb Code   426  stm32f1xx_ll_usb.o(i.USB_EPStartXfer)
    USB_EnableGlobalInt                      0x0800339b   Thumb Code    14  stm32f1xx_ll_usb.o(i.USB_EnableGlobalInt)
    USB_LP_CAN1_RX0_IRQHandler               0x080033a9   Thumb Code     6  stm32f1xx_it.o(i.USB_LP_CAN1_RX0_IRQHandler)
    USB_ReadInterrupts                       0x080033b5   Thumb Code     6  stm32f1xx_ll_usb.o(i.USB_ReadInterrupts)
    USB_ReadPMA                              0x080033bd   Thumb Code    30  stm32f1xx_ll_usb.o(i.USB_ReadPMA)
    USB_SetCurrentMode                       0x080033db   Thumb Code     4  stm32f1xx_ll_usb.o(i.USB_SetCurrentMode)
    USB_SetDevAddress                        0x080033df   Thumb Code    12  stm32f1xx_ll_usb.o(i.USB_SetDevAddress)
    USB_WritePMA                             0x080033eb   Thumb Code    38  stm32f1xx_ll_usb.o(i.USB_WritePMA)
    UsageFault_Handler                       0x08003411   Thumb Code     2  stm32f1xx_it.o(i.UsageFault_Handler)
    __0printf$bare                           0x08003415   Thumb Code     8  printfb.o(i.__0printf$bare)
    __1printf$bare                           0x08003415   Thumb Code     0  printfb.o(i.__0printf$bare)
    __2printf                                0x08003415   Thumb Code     0  printfb.o(i.__0printf$bare)
    __scatterload_copy                       0x08003425   Thumb Code    14  handlers.o(i.__scatterload_copy)
    __scatterload_null                       0x08003433   Thumb Code     2  handlers.o(i.__scatterload_null)
    __scatterload_zeroinit                   0x08003435   Thumb Code    14  handlers.o(i.__scatterload_zeroinit)
    fputc                                    0x08003465   Thumb Code    18  sys.o(i.fputc)
    main                                     0x0800347d   Thumb Code    82  main.o(i.main)
    mpu6500_ReadtoUSB                        0x080034e1   Thumb Code    84  mpu6500.o(i.mpu6500_ReadtoUSB)
    mpu6500_init                             0x08003545   Thumb Code    98  mpu6500.o(i.mpu6500_init)
    AHBPrescTable                            0x080035a6   Data          16  system_stm32f1xx.o(.constdata)
    APBPrescTable                            0x080035b6   Data           8  system_stm32f1xx.o(.constdata)
    Region$$Table$$Base                      0x080035c0   Number         0  anon$$obj.o(Region$$Table)
    Region$$Table$$Limit                     0x080035e0   Number         0  anon$$obj.o(Region$$Table)
    USBD_Interface_fops_FS                   0x20000000   Data          16  usbd_cdc_if.o(.data)
    UserRxBufferFS                           0x20000010   Data           4  usbd_cdc_if.o(.data)
    UserTxBufferFS                           0x20000014   Data           4  usbd_cdc_if.o(.data)
    FS_Desc                                  0x20000018   Data          28  usbd_desc.o(.data)
    USBD_LangIDDesc                          0x20000034   Data           4  usbd_desc.o(.data)
    USBD_FS_DeviceDesc                       0x20000038   Data          18  usbd_desc.o(.data)
    usb_enable                               0x2000004a   Data           1  mpu6500.o(.data)
    MPU6500_Acc                              0x2000004c   Data           6  mpu6500.o(.data)
    uCRCErrorWorkaroundCheck                 0x20000052   Data           1  stm32f1xx_hal_spi_ex.o(.data)
    SystemCoreClock                          0x20000058   Data           4  system_stm32f1xx.o(.data)
    USBD_CDC_CfgHSDesc                       0x20000070   Data          67  usbd_cdc.o(.data)
    USBD_CDC_CfgFSDesc                       0x200000b4   Data          67  usbd_cdc.o(.data)
    USBD_CDC_OtherSpeedCfgDesc               0x200000f8   Data          67  usbd_cdc.o(.data)
    USBD_CDC                                 0x2000013c   Data          56  usbd_cdc.o(.data)
    __stdout                                 0x20000174   Data           4  stdout.o(.data)
    hspi1                                    0x20000178   Data          88  main.o(.bss)
    htim1                                    0x200001d0   Data          60  main.o(.bss)
    huart1                                   0x2000020c   Data          64  main.o(.bss)
    hUsbDeviceFS                             0x2000024c   Data         548  usb_device.o(.bss)
    hpcd_USB_FS                              0x20000690   Data        1056  usbd_conf.o(.bss)
    USBD_StrDesc                             0x20000ab0   Data         512  usbd_desc.o(.bss)
    spi1txbuffer                             0x20000cb0   Data          15  mpu6500.o(.bss)
    spi1rxbuffer                             0x20000cbf   Data          15  mpu6500.o(.bss)
    __initial_sp                             0x200010d0   Data           0  startup_stm32f103xb.o(STACK)



==============================================================================

Memory Map of the image

  Image Entry point : 0x080000ed

  Load Region LR_IROM1 (Base: 0x08000000, Size: 0x00003758, Max: 0x00010000, ABSOLUTE, COMPRESSED[0x000036a0])

    Execution Region ER_IROM1 (Base: 0x08000000, Size: 0x000035e0, Max: 0x00010000, ABSOLUTE)

    Base Addr    Size         Type   Attr      Idx    E Section Name        Object

    0x08000000   0x000000ec   Data   RO            3    RESET               startup_stm32f103xb.o
    0x080000ec   0x00000000   Code   RO         3912  * .ARM.Collect$$$$00000000  mc_w.l(entry.o)
    0x080000ec   0x00000004   Code   RO         4181    .ARM.Collect$$$$00000001  mc_w.l(entry2.o)
    0x080000f0   0x00000004   Code   RO         4184    .ARM.Collect$$$$00000004  mc_w.l(entry5.o)
    0x080000f4   0x00000000   Code   RO         4186    .ARM.Collect$$$$00000008  mc_w.l(entry7b.o)
    0x080000f4   0x00000000   Code   RO         4188    .ARM.Collect$$$$0000000A  mc_w.l(entry8b.o)
    0x080000f4   0x00000008   Code   RO         4189    .ARM.Collect$$$$0000000B  mc_w.l(entry9a.o)
    0x080000fc   0x00000000   Code   RO         4191    .ARM.Collect$$$$0000000D  mc_w.l(entry10a.o)
    0x080000fc   0x00000000   Code   RO         4193    .ARM.Collect$$$$0000000F  mc_w.l(entry11a.o)
    0x080000fc   0x00000004   Code   RO         4182    .ARM.Collect$$$$00002712  mc_w.l(entry2.o)
    0x08000100   0x00000024   Code   RO            4    .text               startup_stm32f103xb.o
    0x08000124   0x00000024   Code   RO         3917    .text               mc_w.l(memcpya.o)
    0x08000148   0x00000024   Code   RO         4211    .text               mc_w.l(init.o)
    0x0800016c   0x00000056   Code   RO         4227    .text               mc_w.l(__dczerorl2.o)
    0x080001c2   0x00000002   Code   RO           13    i.BusFault_Handler  stm32f1xx_it.o
    0x080001c4   0x00000004   Code   RO          592    i.CDC_Control_FS    usbd_cdc_if.o
    0x080001c8   0x00000004   Code   RO          593    i.CDC_DeInit_FS     usbd_cdc_if.o
    0x080001cc   0x00000024   Code   RO          594    i.CDC_Init_FS       usbd_cdc_if.o
    0x080001f0   0x00000030   Code   RO          595    i.CDC_Receive_FS    usbd_cdc_if.o
    0x08000220   0x0000002c   Code   RO          596    i.CDC_Transmit_FS   usbd_cdc_if.o
    0x0800024c   0x00000002   Code   RO           14    i.DebugMon_Handler  stm32f1xx_it.o
    0x0800024e   0x00000010   Code   RO           15    i.EXTI1_IRQHandler  stm32f1xx_it.o
    0x0800025e   0x00000002   Code   RO          204    i.Error_Handler     main.o
    0x08000260   0x00000016   Code   RO         1548    i.HAL_Delay         stm32f1xx_hal.o
    0x08000276   0x00000002   Code   RO         1476    i.HAL_GPIO_EXTI_Callback  stm32f1xx_hal_gpio.o
    0x08000278   0x00000018   Code   RO         1477    i.HAL_GPIO_EXTI_IRQHandler  stm32f1xx_hal_gpio.o
    0x08000290   0x000001bc   Code   RO         1478    i.HAL_GPIO_Init     stm32f1xx_hal_gpio.o
    0x0800044c   0x0000000a   Code   RO         1482    i.HAL_GPIO_WritePin  stm32f1xx_hal_gpio.o
    0x08000456   0x00000002   PAD
    0x08000458   0x0000000c   Code   RO         1552    i.HAL_GetTick       stm32f1xx_hal.o
    0x08000464   0x00000010   Code   RO         1553    i.HAL_IncTick       stm32f1xx_hal.o
    0x08000474   0x00000024   Code   RO         1554    i.HAL_Init          stm32f1xx_hal.o
    0x08000498   0x00000022   Code   RO         1555    i.HAL_InitTick      stm32f1xx_hal.o
    0x080004ba   0x00000002   PAD
    0x080004bc   0x00000080   Code   RO          274    i.HAL_MspInit       stm32f1xx_hal_msp.o
    0x0800053c   0x00000016   Code   RO         2956    i.HAL_NVIC_EnableIRQ  stm32f1xx_hal_cortex.o
    0x08000552   0x00000002   PAD
    0x08000554   0x00000040   Code   RO         2962    i.HAL_NVIC_SetPriority  stm32f1xx_hal_cortex.o
    0x08000594   0x00000024   Code   RO         2963    i.HAL_NVIC_SetPriorityGrouping  stm32f1xx_hal_cortex.o
    0x080005b8   0x00000034   Code   RO         3478    i.HAL_PCDEx_PMAConfig  stm32f1xx_hal_pcd_ex.o
    0x080005ec   0x00000002   Code   RO          385    i.HAL_PCDEx_SetConnectionState  usbd_conf.o
    0x080005ee   0x0000000e   Code   RO          387    i.HAL_PCD_DataInStageCallback  usbd_conf.o
    0x080005fc   0x00000010   Code   RO          388    i.HAL_PCD_DataOutStageCallback  usbd_conf.o
    0x0800060c   0x00000040   Code   RO         3272    i.HAL_PCD_EP_Close  stm32f1xx_hal_pcd.o
    0x0800064c   0x00000048   Code   RO         3273    i.HAL_PCD_EP_ClrStall  stm32f1xx_hal_pcd.o
    0x08000694   0x00000010   Code   RO         3275    i.HAL_PCD_EP_GetRxCount  stm32f1xx_hal_pcd.o
    0x080006a4   0x00000044   Code   RO         3276    i.HAL_PCD_EP_Open   stm32f1xx_hal_pcd.o
    0x080006e8   0x00000040   Code   RO         3277    i.HAL_PCD_EP_Receive  stm32f1xx_hal_pcd.o
    0x08000728   0x00000056   Code   RO         3278    i.HAL_PCD_EP_SetStall  stm32f1xx_hal_pcd.o
    0x0800077e   0x0000003e   Code   RO         3279    i.HAL_PCD_EP_Transmit  stm32f1xx_hal_pcd.o
    0x080007bc   0x0000010a   Code   RO         3281    i.HAL_PCD_IRQHandler  stm32f1xx_hal_pcd.o
    0x080008c6   0x00000002   PAD
    0x080008c8   0x000000c0   Code   RO         3284    i.HAL_PCD_Init      stm32f1xx_hal_pcd.o
    0x08000988   0x0000003c   Code   RO          393    i.HAL_PCD_MspInit   usbd_conf.o
    0x080009c4   0x0000001a   Code   RO          394    i.HAL_PCD_ResetCallback  usbd_conf.o
    0x080009de   0x00000008   Code   RO          395    i.HAL_PCD_ResumeCallback  usbd_conf.o
    0x080009e6   0x00000008   Code   RO          396    i.HAL_PCD_SOFCallback  usbd_conf.o
    0x080009ee   0x00000028   Code   RO         3290    i.HAL_PCD_SetAddress  stm32f1xx_hal_pcd.o
    0x08000a16   0x0000000e   Code   RO          397    i.HAL_PCD_SetupStageCallback  usbd_conf.o
    0x08000a24   0x00000032   Code   RO         3292    i.HAL_PCD_Start     stm32f1xx_hal_pcd.o
    0x08000a56   0x00000002   PAD
    0x08000a58   0x00000024   Code   RO          398    i.HAL_PCD_SuspendCallback  usbd_conf.o
    0x08000a7c   0x0000012c   Code   RO         1856    i.HAL_RCCEx_PeriphCLKConfig  stm32f1xx_hal_rcc_ex.o
    0x08000ba8   0x00000188   Code   RO         1753    i.HAL_RCC_ClockConfig  stm32f1xx_hal_rcc.o
    0x08000d30   0x0000000c   Code   RO         1758    i.HAL_RCC_GetHCLKFreq  stm32f1xx_hal_rcc.o
    0x08000d3c   0x00000030   Code   RO         1760    i.HAL_RCC_GetPCLK1Freq  stm32f1xx_hal_rcc.o
    0x08000d6c   0x00000030   Code   RO         1761    i.HAL_RCC_GetPCLK2Freq  stm32f1xx_hal_rcc.o
    0x08000d9c   0x00000088   Code   RO         1762    i.HAL_RCC_GetSysClockFreq  stm32f1xx_hal_rcc.o
    0x08000e24   0x0000057e   Code   RO         1765    i.HAL_RCC_OscConfig  stm32f1xx_hal_rcc.o
    0x080013a2   0x00000002   PAD
    0x080013a4   0x00000088   Code   RO         1442    i.HAL_SPI_Init      stm32f1xx_hal_spi_ex.o
    0x0800142c   0x00000058   Code   RO          276    i.HAL_SPI_MspInit   stm32f1xx_hal_msp.o
    0x08001484   0x000002b2   Code   RO         1992    i.HAL_SPI_TransmitReceive  stm32f1xx_hal_spi.o
    0x08001736   0x00000018   Code   RO         2965    i.HAL_SYSTICK_CLKSourceConfig  stm32f1xx_hal_cortex.o
    0x0800174e   0x00000002   Code   RO         2966    i.HAL_SYSTICK_Callback  stm32f1xx_hal_cortex.o
    0x08001750   0x00000028   Code   RO         2967    i.HAL_SYSTICK_Config  stm32f1xx_hal_cortex.o
    0x08001778   0x00000008   Code   RO         2968    i.HAL_SYSTICK_IRQHandler  stm32f1xx_hal_cortex.o
    0x08001780   0x00000050   Code   RO         2738    i.HAL_TIMEx_MasterConfigSynchronization  stm32f1xx_hal_tim_ex.o
    0x080017d0   0x00000036   Code   RO          813    i.HAL_TIM_Base_Init  stm32f1xx_hal_tim.o
    0x08001806   0x00000002   PAD
    0x08001808   0x00000028   Code   RO          278    i.HAL_TIM_Base_MspInit  stm32f1xx_hal_msp.o
    0x08001830   0x000000f2   Code   RO          822    i.HAL_TIM_ConfigClockSource  stm32f1xx_hal_tim.o
    0x08001922   0x0000005e   Code   RO         2236    i.HAL_UART_Init     stm32f1xx_hal_uart.o
    0x08001980   0x00000058   Code   RO          280    i.HAL_UART_MspInit  stm32f1xx_hal_msp.o
    0x080019d8   0x00000002   Code   RO           16    i.HardFault_Handler  stm32f1xx_it.o
    0x080019da   0x00000002   PAD
    0x080019dc   0x00000038   Code   RO          760    i.MPU6500_Write_Reg  mpu6500.o
    0x08001a14   0x0000007c   Code   RO          205    i.MX_GPIO_Init      main.o
    0x08001a90   0x00000040   Code   RO          206    i.MX_SPI1_Init      main.o
    0x08001ad0   0x00000054   Code   RO          207    i.MX_TIM1_Init      main.o
    0x08001b24   0x00000038   Code   RO          334    i.MX_USB_DEVICE_Init  usb_device.o
    0x08001b5c   0x00000002   Code   RO           17    i.MemManage_Handler  stm32f1xx_it.o
    0x08001b5e   0x00000002   Code   RO           18    i.NMI_Handler       stm32f1xx_it.o
    0x08001b60   0x00000020   Code   RO         2969    i.NVIC_SetPriority  stm32f1xx_hal_cortex.o
    0x08001b80   0x00000362   Code   RO         3295    i.PCD_EP_ISR_Handler  stm32f1xx_hal_pcd.o
    0x08001ee2   0x00000002   Code   RO           19    i.PendSV_Handler    stm32f1xx_it.o
    0x08001ee4   0x0000009e   Code   RO         2014    i.SPI_WaitOnFlagUntilTimeout  stm32f1xx_hal_spi.o
    0x08001f82   0x00000002   Code   RO           20    i.SVC_Handler       stm32f1xx_it.o
    0x08001f84   0x0000000e   Code   RO           21    i.SysTick_Handler   stm32f1xx_it.o
    0x08001f92   0x00000076   Code   RO          208    i.SystemClock_Config  main.o
    0x08002008   0x00000048   Code   RO         3509    i.SystemInit        system_stm32f1xx.o
    0x08002050   0x00000064   Code   RO          897    i.TIM_Base_SetConfig  stm32f1xx_hal_tim.o
    0x080020b4   0x00000014   Code   RO          904    i.TIM_ETR_SetConfig  stm32f1xx_hal_tim.o
    0x080020c8   0x00000010   Code   RO          905    i.TIM_ITRx_SetConfig  stm32f1xx_hal_tim.o
    0x080020d8   0x00000022   Code   RO          911    i.TIM_TI1_ConfigInputStage  stm32f1xx_hal_tim.o
    0x080020fa   0x00000024   Code   RO          913    i.TIM_TI2_ConfigInputStage  stm32f1xx_hal_tim.o
    0x0800211e   0x00000002   PAD
    0x08002120   0x00000170   Code   RO         2255    i.UART_SetConfig    stm32f1xx_hal_uart.o
    0x08002290   0x00000014   Code   RO         3809    i.USBD_CDC_DataIn   usbd_cdc.o
    0x080022a4   0x0000002e   Code   RO         3810    i.USBD_CDC_DataOut  usbd_cdc.o
    0x080022d2   0x0000003c   Code   RO         3811    i.USBD_CDC_DeInit   usbd_cdc.o
    0x0800230e   0x00000024   Code   RO         3812    i.USBD_CDC_EP0_RxReady  usbd_cdc.o
    0x08002332   0x00000002   PAD
    0x08002334   0x0000000c   Code   RO         3813    i.USBD_CDC_GetDeviceQualifierDescriptor  usbd_cdc.o
    0x08002340   0x0000000c   Code   RO         3814    i.USBD_CDC_GetFSCfgDesc  usbd_cdc.o
    0x0800234c   0x0000000c   Code   RO         3815    i.USBD_CDC_GetHSCfgDesc  usbd_cdc.o
    0x08002358   0x0000000c   Code   RO         3816    i.USBD_CDC_GetOtherSpeedCfgDesc  usbd_cdc.o
    0x08002364   0x00000088   Code   RO         3817    i.USBD_CDC_Init     usbd_cdc.o
    0x080023ec   0x00000028   Code   RO         3818    i.USBD_CDC_ReceivePacket  usbd_cdc.o
    0x08002414   0x00000010   Code   RO         3819    i.USBD_CDC_RegisterInterface  usbd_cdc.o
    0x08002424   0x0000000c   Code   RO         3820    i.USBD_CDC_SetRxBuffer  usbd_cdc.o
    0x08002430   0x00000010   Code   RO         3821    i.USBD_CDC_SetTxBuffer  usbd_cdc.o
    0x08002440   0x00000070   Code   RO         3822    i.USBD_CDC_Setup    usbd_cdc.o
    0x080024b0   0x00000030   Code   RO         3823    i.USBD_CDC_TransmitPacket  usbd_cdc.o
    0x080024e0   0x0000000e   Code   RO         3546    i.USBD_ClrClassConfig  usbd_core.o
    0x080024ee   0x00000010   Code   RO         3684    i.USBD_CtlContinueRx  usbd_ioreq.o
    0x080024fe   0x00000010   Code   RO         3685    i.USBD_CtlContinueSendData  usbd_ioreq.o
    0x0800250e   0x00000016   Code   RO         3744    i.USBD_CtlError     usbd_ctlreq.o
    0x08002524   0x0000001e   Code   RO         3686    i.USBD_CtlPrepareRx  usbd_ioreq.o
    0x08002542   0x00000016   Code   RO         3687    i.USBD_CtlReceiveStatus  usbd_ioreq.o
    0x08002558   0x0000001a   Code   RO         3688    i.USBD_CtlSendData  usbd_ioreq.o
    0x08002572   0x00000016   Code   RO         3689    i.USBD_CtlSendStatus  usbd_ioreq.o
    0x08002588   0x00000020   Code   RO          644    i.USBD_FS_ConfigStrDescriptor  usbd_desc.o
    0x080025a8   0x0000000c   Code   RO          645    i.USBD_FS_DeviceDescriptor  usbd_desc.o
    0x080025b4   0x00000024   Code   RO          646    i.USBD_FS_InterfaceStrDescriptor  usbd_desc.o
    0x080025d8   0x0000000c   Code   RO          647    i.USBD_FS_LangIDStrDescriptor  usbd_desc.o
    0x080025e4   0x00000028   Code   RO          648    i.USBD_FS_ManufacturerStrDescriptor  usbd_desc.o
    0x0800260c   0x0000002c   Code   RO          649    i.USBD_FS_ProductStrDescriptor  usbd_desc.o
    0x08002638   0x00000024   Code   RO          650    i.USBD_FS_SerialStrDescriptor  usbd_desc.o
    0x0800265c   0x000000e0   Code   RO         3745    i.USBD_GetDescriptor  usbd_ctlreq.o
    0x0800273c   0x00000046   Code   RO         3746    i.USBD_GetString    usbd_ctlreq.o
    0x08002782   0x0000002a   Code   RO         3548    i.USBD_Init         usbd_core.o
    0x080027ac   0x0000000e   Code   RO          399    i.USBD_LL_ClearStallEP  usbd_conf.o
    0x080027ba   0x0000000e   Code   RO          400    i.USBD_LL_CloseEP   usbd_conf.o
    0x080027c8   0x000000aa   Code   RO         3549    i.USBD_LL_DataInStage  usbd_core.o
    0x08002872   0x0000006a   Code   RO         3550    i.USBD_LL_DataOutStage  usbd_core.o
    0x080028dc   0x00000008   Code   RO          404    i.USBD_LL_GetRxDataSize  usbd_conf.o
    0x080028e4   0x00000084   Code   RO          405    i.USBD_LL_Init      usbd_conf.o
    0x08002968   0x0000001c   Code   RO          406    i.USBD_LL_IsStallEP  usbd_conf.o
    0x08002984   0x00000014   Code   RO          407    i.USBD_LL_OpenEP    usbd_conf.o
    0x08002998   0x0000000e   Code   RO          408    i.USBD_LL_PrepareReceive  usbd_conf.o
    0x080029a6   0x0000003e   Code   RO         3555    i.USBD_LL_Reset     usbd_core.o
    0x080029e4   0x0000000c   Code   RO         3556    i.USBD_LL_Resume    usbd_core.o
    0x080029f0   0x00000018   Code   RO         3557    i.USBD_LL_SOF       usbd_core.o
    0x08002a08   0x00000006   Code   RO         3558    i.USBD_LL_SetSpeed  usbd_core.o
    0x08002a0e   0x0000000e   Code   RO          409    i.USBD_LL_SetUSBAddress  usbd_conf.o
    0x08002a1c   0x0000005a   Code   RO         3559    i.USBD_LL_SetupStage  usbd_core.o
    0x08002a76   0x0000000e   Code   RO          410    i.USBD_LL_StallEP   usbd_conf.o
    0x08002a84   0x0000000e   Code   RO          411    i.USBD_LL_Start     usbd_conf.o
    0x08002a92   0x00000012   Code   RO         3560    i.USBD_LL_Suspend   usbd_core.o
    0x08002aa4   0x0000000e   Code   RO          413    i.USBD_LL_Transmit  usbd_conf.o
    0x08002ab2   0x00000028   Code   RO         3747    i.USBD_ParseSetupRequest  usbd_ctlreq.o
    0x08002ada   0x00000010   Code   RO         3561    i.USBD_RegisterClass  usbd_core.o
    0x08002aea   0x00000016   Code   RO         3563    i.USBD_SetClassConfig  usbd_core.o
    0x08002b00   0x00000074   Code   RO         3748    i.USBD_SetConfig    usbd_ctlreq.o
    0x08002b74   0x0000000a   Code   RO         3564    i.USBD_Start        usbd_core.o
    0x08002b7e   0x000000f2   Code   RO         3749    i.USBD_StdDevReq    usbd_ctlreq.o
    0x08002c70   0x000000dc   Code   RO         3750    i.USBD_StdEPReq     usbd_ctlreq.o
    0x08002d4c   0x00000034   Code   RO         3751    i.USBD_StdItfReq    usbd_ctlreq.o
    0x08002d80   0x00000002   Code   RO          414    i.USBD_static_free  usbd_conf.o
    0x08002d82   0x00000002   PAD
    0x08002d84   0x00000008   Code   RO          415    i.USBD_static_malloc  usbd_conf.o
    0x08002d8c   0x0000025c   Code   RO         3071    i.USB_ActivateEndpoint  stm32f1xx_ll_usb.o
    0x08002fe8   0x00000004   Code   RO         3074    i.USB_CoreInit      stm32f1xx_ll_usb.o
    0x08002fec   0x00000124   Code   RO         3076    i.USB_DeactivateEndpoint  stm32f1xx_ll_usb.o
    0x08003110   0x00000004   Code   RO         3077    i.USB_DevConnect    stm32f1xx_ll_usb.o
    0x08003114   0x00000004   Code   RO         3078    i.USB_DevDisconnect  stm32f1xx_ll_usb.o
    0x08003118   0x00000012   Code   RO         3079    i.USB_DevInit       stm32f1xx_ll_usb.o
    0x0800312a   0x0000000e   Code   RO         3080    i.USB_DisableGlobalInt  stm32f1xx_ll_usb.o
    0x08003138   0x00000004   Code   RO         3081    i.USB_EP0_OutStart  stm32f1xx_ll_usb.o
    0x0800313c   0x0000006a   Code   RO         3082    i.USB_EPClearStall  stm32f1xx_ll_usb.o
    0x080031a6   0x0000004a   Code   RO         3083    i.USB_EPSetStall    stm32f1xx_ll_usb.o
    0x080031f0   0x000001aa   Code   RO         3084    i.USB_EPStartXfer   stm32f1xx_ll_usb.o
    0x0800339a   0x0000000e   Code   RO         3085    i.USB_EnableGlobalInt  stm32f1xx_ll_usb.o
    0x080033a8   0x0000000c   Code   RO           22    i.USB_LP_CAN1_RX0_IRQHandler  stm32f1xx_it.o
    0x080033b4   0x00000006   Code   RO         3092    i.USB_ReadInterrupts  stm32f1xx_ll_usb.o
    0x080033ba   0x00000002   PAD
    0x080033bc   0x0000001e   Code   RO         3093    i.USB_ReadPMA       stm32f1xx_ll_usb.o
    0x080033da   0x00000004   Code   RO         3095    i.USB_SetCurrentMode  stm32f1xx_ll_usb.o
    0x080033de   0x0000000c   Code   RO         3096    i.USB_SetDevAddress  stm32f1xx_ll_usb.o
    0x080033ea   0x00000026   Code   RO         3098    i.USB_WritePMA      stm32f1xx_ll_usb.o
    0x08003410   0x00000002   Code   RO           23    i.UsageFault_Handler  stm32f1xx_it.o
    0x08003412   0x00000002   PAD
    0x08003414   0x00000010   Code   RO         3922    i.__0printf$bare    mc_w.l(printfb.o)
    0x08003424   0x0000000e   Code   RO         4221    i.__scatterload_copy  mc_w.l(handlers.o)
    0x08003432   0x00000002   Code   RO         4222    i.__scatterload_null  mc_w.l(handlers.o)
    0x08003434   0x0000000e   Code   RO         4223    i.__scatterload_zeroinit  mc_w.l(handlers.o)
    0x08003442   0x00000022   Code   RO         3929    i._printf_core      mc_w.l(printfb.o)
    0x08003464   0x00000018   Code   RO          715    i.fputc             sys.o
    0x0800347c   0x00000064   Code   RO          209    i.main              main.o
    0x080034e0   0x00000064   Code   RO          762    i.mpu6500_ReadtoUSB  mpu6500.o
    0x08003544   0x00000062   Code   RO          763    i.mpu6500_init      mpu6500.o
    0x080035a6   0x00000010   Data   RO         3510    .constdata          system_stm32f1xx.o
    0x080035b6   0x00000008   Data   RO         3511    .constdata          system_stm32f1xx.o
    0x080035be   0x00000002   PAD
    0x080035c0   0x00000020   Data   RO         4219    Region$$Table       anon$$obj.o


    Execution Region RW_IRAM1 (Base: 0x20000000, Size: 0x000010d0, Max: 0x00005000, ABSOLUTE, COMPRESSED[0x000000c0])

    Base Addr    Size         Type   Attr      Idx    E Section Name        Object

    0x20000000   0x00000010   Data   RW          597    .data               usbd_cdc_if.o
    0x20000010   0x00000008   Data   RW          598    .data               usbd_cdc_if.o
    0x20000018   0x0000001c   Data   RW          652    .data               usbd_desc.o
    0x20000034   0x00000016   Data   RW          653    .data               usbd_desc.o
    0x2000004a   0x00000008   Data   RW          765    .data               mpu6500.o
    0x20000052   0x00000001   Data   RW         1444    .data               stm32f1xx_hal_spi_ex.o
    0x20000053   0x00000001   PAD
    0x20000054   0x00000004   Data   RW         1560    .data               stm32f1xx_hal.o
    0x20000058   0x00000004   Data   RW         3512    .data               system_stm32f1xx.o
    0x2000005c   0x00000001   Data   RW         3752    .data               usbd_ctlreq.o
    0x2000005d   0x00000003   PAD
    0x20000060   0x000000db   Data   RW         3824    .data               usbd_cdc.o
    0x2000013b   0x00000001   PAD
    0x2000013c   0x00000038   Data   RW         3825    .data               usbd_cdc.o
    0x20000174   0x00000004   Data   RW         4195    .data               mc_w.l(stdout.o)
    0x20000178   0x000000d4   Zero   RW          210    .bss                main.o
    0x2000024c   0x00000224   Zero   RW          335    .bss                usb_device.o
    0x20000470   0x00000640   Zero   RW          416    .bss                usbd_conf.o
    0x20000ab0   0x00000200   Zero   RW          651    .bss                usbd_desc.o
    0x20000cb0   0x0000001e   Zero   RW          764    .bss                mpu6500.o
    0x20000cce   0x00000002   PAD
    0x20000cd0   0x00000400   Zero   RW            1    STACK               startup_stm32f103xb.o


==============================================================================

Image component sizes


      Code (inc. data)   RO Data    RW Data    ZI Data      Debug   Object Name

       492         48          0          0        212       8216   main.o
       254         30          0          8         30       2196   mpu6500.o
        36          8        236          0       1024        780   startup_stm32f103xb.o
       120         16          0          4          0       3494   stm32f1xx_hal.o
       228         14          0          0          0      27145   stm32f1xx_hal_cortex.o
       480         42          0          0          0       4064   stm32f1xx_hal_gpio.o
       344         46          0          0          0       2558   stm32f1xx_hal_msp.o
      1846          0          0          0          0       9773   stm32f1xx_hal_pcd.o
        52          0          0          0          0       1142   stm32f1xx_hal_pcd_ex.o
      2042         98          0          0          0       5692   stm32f1xx_hal_rcc.o
       300         12          0          0          0       1288   stm32f1xx_hal_rcc_ex.o
       848          0          0          0          0       2846   stm32f1xx_hal_spi.o
       136          4          0          1          0       1306   stm32f1xx_hal_spi_ex.o
       502         14          0          0          0       5689   stm32f1xx_hal_tim.o
        80          0          0          0          0       1244   stm32f1xx_hal_tim_ex.o
       462          4          0          0          0       1840   stm32f1xx_hal_uart.o
        58          6          0          0          0     477222   stm32f1xx_it.o
      1654          0          0          0          0      12099   stm32f1xx_ll_usb.o
        24          6          0          0          0        444   sys.o
        72         16         24          4          0       1347   system_stm32f1xx.o
        56         18          0          0        548       2343   usb_device.o
       590         22          0        275          0      12146   usbd_cdc.o
       136         26          0         24          0       3123   usbd_cdc_if.o
       480         30          0          0       1600      11589   usbd_conf.o
       592          0          0          0          0       8708   usbd_core.o
       986         30          0          1          0       7512   usbd_ctlreq.o
       212        116          0         50        512       4695   usbd_desc.o
       132          0          0          0          0       4084   usbd_ioreq.o

    ----------------------------------------------------------------------
     13240        606        294        372       3928     624585   Object Totals
         0          0         32          0          0          0   (incl. Generated)
        26          0          2          5          2          0   (incl. Padding)

    ----------------------------------------------------------------------

      Code (inc. data)   RO Data    RW Data    ZI Data      Debug   Library Member Name

        86          0          0          0          0          0   __dczerorl2.o
         0          0          0          0          0          0   entry.o
         0          0          0          0          0          0   entry10a.o
         0          0          0          0          0          0   entry11a.o
         8          4          0          0          0          0   entry2.o
         4          0          0          0          0          0   entry5.o
         0          0          0          0          0          0   entry7b.o
         0          0          0          0          0          0   entry8b.o
         8          4          0          0          0          0   entry9a.o
        30          0          0          0          0          0   handlers.o
        36          8          0          0          0         68   init.o
        36          0          0          0          0         68   memcpya.o
        50          8          0          0          0        152   printfb.o
         0          0          0          4          0          0   stdout.o

    ----------------------------------------------------------------------
       258         24          0          4          0        288   Library Totals
         0          0          0          0          0          0   (incl. Padding)

    ----------------------------------------------------------------------

      Code (inc. data)   RO Data    RW Data    ZI Data      Debug   Library Name

       258         24          0          4          0        288   mc_w.l

    ----------------------------------------------------------------------
       258         24          0          4          0        288   Library Totals

    ----------------------------------------------------------------------

==============================================================================


      Code (inc. data)   RO Data    RW Data    ZI Data      Debug   

     13498        630        294        376       3928     616473   Grand Totals
     13498        630        294        192       3928     616473   ELF Image Totals (compressed)
     13498        630        294        192          0          0   ROM Totals

==============================================================================

    Total RO  Size (Code + RO Data)                13792 (  13.47kB)
    Total RW  Size (RW Data + ZI Data)              4304 (   4.20kB)
    Total ROM Size (Code + RO Data + RW Data)      13984 (  13.66kB)

==============================================================================

