<html>
<body>
<pre>
<h1>礦ision Build Log</h1>
<h2>Tool Versions:</h2>
IDE-Version: μVision V5.15
Copyright (C) 2015 ARM Ltd and ARM Germany GmbH. All rights reserved.
License Information: Feng Wang, Tsinghua University, LIC=4ZLZ9-4CFNP-4A9DE-52NDD-1XVRX-DCUU4
 
Tool Versions:
Toolchain:       MDK-ARM Professional  Version: 5.15.0
Toolchain Path:  C:\Keil_v5\ARM\ARMCC\Bin
C Compiler:      Armcc.exe V5.05 update 2 (build 169)
Assembler:       Armasm.exe V5.05 update 2 (build 169)
Linker/Locator:  ArmLink.exe V5.05 update 2 (build 169)
Library Manager: ArmAr.exe V5.05 update 2 (build 169)
Hex Converter:   FromElf.exe V5.05 update 2 (build 169)
CPU DLL:         SARMCM3.DLL V5.15.0
Dialog DLL:      DCM.DLL V1.13.2.0
Target DLL:      Segger\JL2CM3.dll V2.99.15.0
Dialog DLL:      TCM.DLL V1.14.5.0
 
<h2>Project:</h2>
D:\比赛&项目\4K\4kHz_accelerometer_MPU9250_STM32\MDK-ARM\mpu9250.uvprojx
Project File Date:  06/01/2017

<h2>Output:</h2>
*** Using Compiler 'V5.05 update 2 (build 169)', folder: 'C:\Keil_v5\ARM\ARMCC\Bin'
Build target 'mpu9250'
assembling startup_stm32f103xb.s...
compiling stm32f1xx_it.c...
compiling main.c...
compiling stm32f1xx_hal_msp.c...
compiling usb_device.c...
compiling usbd_conf.c...
compiling usbd_cdc_if.c...
compiling usbd_desc.c...
compiling sys.c...
compiling mpu6500.c...
compiling stm32f1xx_hal_tim.c...
compiling stm32f1xx_hal_spi_ex.c...
compiling stm32f1xx_hal_gpio.c...
compiling stm32f1xx_hal.c...
compiling stm32f1xx_hal_dma.c...
compiling stm32f1xx_hal_rcc.c...
compiling stm32f1xx_hal_rcc_ex.c...
compiling stm32f1xx_hal_flash_ex.c...
compiling stm32f1xx_hal_spi.c...
compiling stm32f1xx_hal_uart.c...
compiling stm32f1xx_hal_pwr.c...
compiling stm32f1xx_hal_gpio_ex.c...
compiling stm32f1xx_hal_flash.c...
compiling stm32f1xx_hal_tim_ex.c...
compiling stm32f1xx_hal_cortex.c...
compiling stm32f1xx_ll_usb.c...
compiling stm32f1xx_hal_pcd.c...
compiling stm32f1xx_hal_pcd_ex.c...
compiling system_stm32f1xx.c...
compiling usbd_core.c...
compiling usbd_ioreq.c...
compiling usbd_ctlreq.c...
compiling usbd_cdc.c...
linking...
Program Size: Code=13498 RO-data=294 RW-data=376 ZI-data=3928  
"mpu9250\mpu9250.axf" - 0 Error(s), 0 Warning(s).

<h2>Software Packages used:</h2>

Package Vendor: ARM
                http://www.keil.com/pack/ARM.CMSIS.4.3.0.pack
                ARM::CMSIS:CORE:4.1.0
                CMSIS (Cortex Microcontroller Software Interface Standard)
   * Component: CORE Version: 4.1.0

<h2>Collection of Component include folders:</h2>
  D:\比赛&项目\4K\4kHz_accelerometer_MPU9250_STM32\MDK-ARM\RTE
  C:\Keil_v5\ARM\PACK\ARM\CMSIS\4.3.0\CMSIS\Include
  C:\Keil_v5\ARM\PACK\Keil\STM32F1xx_DFP\2.1.0\Device\Include

<h2>Collection of Component Files used:</h2>

   * Component: ARM::CMSIS:CORE:4.1.0
</pre>
</body>
</html>
